FFF                                                                      [100%]
=================================== FAILURES ===================================
____ test_pr05c2c1a_artifact_closes_bounded_direct_and_characteristic_stage ____

    def test_pr05c2c1a_artifact_closes_bounded_direct_and_characteristic_stage() -> None:
>       metrics = json.loads((ARTIFACT / "NUMERICAL_METRICS.json").read_text())
                             ^^^^^^^^^^^^^^^^^^^^^^^^^^^^^^^^^^^^^^^^^^^^^^^^^

tests/trajectory/test_pr05c2c1a_artifact.py:32:
_ _ _ _ _ _ _ _ _ _ _ _ _ _ _ _ _ _ _ _ _ _ _ _ _ _ _ _ _ _ _ _ _ _ _ _ _ _ _ _
/usr/lib/python3.13/pathlib/_local.py:548: in read_text
    return PathBase.read_text(self, encoding, errors, newline)
           ^^^^^^^^^^^^^^^^^^^^^^^^^^^^^^^^^^^^^^^^^^^^^^^^^^^
/usr/lib/python3.13/pathlib/_abc.py:632: in read_text
    with self.open(mode='r', encoding=encoding, errors=errors, newline=newline) as f:
         ^^^^^^^^^^^^^^^^^^^^^^^^^^^^^^^^^^^^^^^^^^^^^^^^^^^^^^^^^^^^^^^^^^^^^^
_ _ _ _ _ _ _ _ _ _ _ _ _ _ _ _ _ _ _ _ _ _ _ _ _ _ _ _ _ _ _ _ _ _ _ _ _ _ _ _

self = PosixPath('/mnt/data/rec_bianchi_pr05c2c1_v066_wt/archive/expanded/Full_Bianchi_HyRec_PR05C2C1A_direct_compiler_characteristic_v0_66/NUMERICAL_METRICS.json')
mode = 'r', buffering = -1, encoding = 'utf-8', errors = None, newline = None

    def open(self, mode='r', buffering=-1, encoding=None,
             errors=None, newline=None):
        """
        Open the file pointed to by this path and return a file object, as
        the built-in open() function does.
        """
        if "b" not in mode:
            encoding = io.text_encoding(encoding)
>       return io.open(self, mode, buffering, encoding, errors, newline)
               ^^^^^^^^^^^^^^^^^^^^^^^^^^^^^^^^^^^^^^^^^^^^^^^^^^^^^^^^^
E       FileNotFoundError: [Errno 2] No such file or directory: '/mnt/data/rec_bianchi_pr05c2c1_v066_wt/archive/expanded/Full_Bianchi_HyRec_PR05C2C1A_direct_compiler_characteristic_v0_66/NUMERICAL_METRICS.json'

/usr/lib/python3.13/pathlib/_local.py:539: FileNotFoundError
______________ test_pr05c2c1a_data_and_node_bytes_are_manifested _______________

    def test_pr05c2c1a_data_and_node_bytes_are_manifested() -> None:
>       assert DATA.is_file()
E       AssertionError: assert False
E        +  where False = is_file()
E        +    where is_file = PosixPath('/mnt/data/rec_bianchi_pr05c2c1_v066_wt/data/pr05c2c1a_direct_compiler_characteristic_v066.npz').is_file

tests/trajectory/test_pr05c2c1a_artifact.py:61: AssertionError
___________________ test_pr05c2c1a_immutable_verifier_passes ___________________

    def test_pr05c2c1a_immutable_verifier_passes() -> None:
>       result = subprocess.run(
            [sys.executable, str(ARTIFACT / "verify_PR05C2C1A.py")],
            cwd=ARTIFACT,
            capture_output=True,
            text=True,
            check=False,
        )

tests/trajectory/test_pr05c2c1a_artifact.py:88:
_ _ _ _ _ _ _ _ _ _ _ _ _ _ _ _ _ _ _ _ _ _ _ _ _ _ _ _ _ _ _ _ _ _ _ _ _ _ _ _
/usr/lib/python3.13/subprocess.py:554: in run
    with Popen(*popenargs, **kwargs) as process:
         ^^^^^^^^^^^^^^^^^^^^^^^^^^^
/usr/lib/python3.13/subprocess.py:1039: in __init__
    self._execute_child(args, executable, preexec_fn, close_fds,
_ _ _ _ _ _ _ _ _ _ _ _ _ _ _ _ _ _ _ _ _ _ _ _ _ _ _ _ _ _ _ _ _ _ _ _ _ _ _ _

self = <Popen: returncode: 255 args: ['/opt/pyvenv/bin/python3', '/mnt/data/rec_bia...>
args = ['/opt/pyvenv/bin/python3', '/mnt/data/rec_bianchi_pr05c2c1_v066_wt/archive/expanded/Full_Bianchi_HyRec_PR05C2C1A_direct_compiler_characteristic_v0_66/verify_PR05C2C1A.py']
executable = b'/opt/pyvenv/bin/python3', preexec_fn = None, close_fds = True
pass_fds = ()
cwd = PosixPath('/mnt/data/rec_bianchi_pr05c2c1_v066_wt/archive/expanded/Full_Bianchi_HyRec_PR05C2C1A_direct_compiler_characteristic_v0_66')
env = None, startupinfo = None, creationflags = 0, shell = False, p2cread = -1
p2cwrite = -1, c2pread = 15, c2pwrite = 16, errread = 17, errwrite = 18
restore_signals = True, gid = None, gids = None, uid = None, umask = -1
start_new_session = False, process_group = -1

    def _execute_child(self, args, executable, preexec_fn, close_fds,
                       pass_fds, cwd, env,
                       startupinfo, creationflags, shell,
                       p2cread, p2cwrite,
                       c2pread, c2pwrite,
                       errread, errwrite,
                       restore_signals,
                       gid, gids, uid, umask,
                       start_new_session, process_group):
        """Execute program (POSIX version)"""

        if isinstance(args, (str, bytes)):
            args = [args]
        elif isinstance(args, os.PathLike):
            if shell:
                raise TypeError('path-like args is not allowed when '
                                'shell is true')
            args = [args]
        else:
            args = list(args)

        if shell:
            # On Android the default shell is at '/system/bin/sh'.
            unix_shell = ('/system/bin/sh' if
                      hasattr(sys, 'getandroidapilevel') else '/bin/sh')
            args = [unix_shell, "-c"] + args
            if executable:
                args[0] = executable

        if executable is None:
            executable = args[0]

        sys.audit("subprocess.Popen", executable, args, cwd, env)

        if (_USE_POSIX_SPAWN
                and os.path.dirname(executable)
                and preexec_fn is None
                and (not close_fds or _HAVE_POSIX_SPAWN_CLOSEFROM)
                and not pass_fds
                and cwd is None
                and (p2cread == -1 or p2cread > 2)
                and (c2pwrite == -1 or c2pwrite > 2)
                and (errwrite == -1 or errwrite > 2)
                and not start_new_session
                and process_group == -1
                and gid is None
                and gids is None
                and uid is None
                and umask < 0):
            self._posix_spawn(args, executable, env, restore_signals, close_fds,
                              p2cread, p2cwrite,
                              c2pread, c2pwrite,
                              errread, errwrite)
            return

        orig_executable = executable

        # For transferring possible exec failure from child to parent.
        # Data format: "exception name:hex errno:description"
        # Pickle is not used; it is complex and involves memory allocation.
        errpipe_read, errpipe_write = os.pipe()
        # errpipe_write must not be in the standard io 0, 1, or 2 fd range.
        low_fds_to_close = []
        while errpipe_write < 3:
            low_fds_to_close.append(errpipe_write)
            errpipe_write = os.dup(errpipe_write)
        for low_fd in low_fds_to_close:
            os.close(low_fd)
        try:
            try:
                # We must avoid complex work that could involve
                # malloc or free in the child process to avoid
                # potential deadlocks, thus we do all this here.
                # and pass it to fork_exec()

                if env is not None:
                    env_list = []
                    for k, v in env.items():
                        k = os.fsencode(k)
                        if b'=' in k:
                            raise ValueError("illegal environment variable name")
                        env_list.append(k + b'=' + os.fsencode(v))
                else:
                    env_list = None  # Use execv instead of execve.
                executable = os.fsencode(executable)
                if os.path.dirname(executable):
                    executable_list = (executable,)
                else:
                    # This matches the behavior of os._execvpe().
                    executable_list = tuple(
                        os.path.join(os.fsencode(dir), executable)
                        for dir in os.get_exec_path(env))
                fds_to_keep = set(pass_fds)
                fds_to_keep.add(errpipe_write)
                self.pid = _fork_exec(
                        args, executable_list,
                        close_fds, tuple(sorted(map(int, fds_to_keep))),
                        cwd, env_list,
                        p2cread, p2cwrite, c2pread, c2pwrite,
                        errread, errwrite,
                        errpipe_read, errpipe_write,
                        restore_signals, start_new_session,
                        process_group, gid, gids, uid, umask,
                        preexec_fn, _USE_VFORK)
                self._child_created = True
            finally:
                # be sure the FD is closed no matter what
                os.close(errpipe_write)

            self._close_pipe_fds(p2cread, p2cwrite,
                                 c2pread, c2pwrite,
                                 errread, errwrite)

            # Wait for exec to fail or succeed; possibly raising an
            # exception (limited in size)
            errpipe_data = bytearray()
            while True:
                part = os.read(errpipe_read, 50000)
                errpipe_data += part
                if not part or len(errpipe_data) > 50000:
                    break
        finally:
            # be sure the FD is closed no matter what
            os.close(errpipe_read)

        if errpipe_data:
            try:
                pid, sts = os.waitpid(self.pid, 0)
                if pid == self.pid:
                    self._handle_exitstatus(sts)
                else:
                    self.returncode = sys.maxsize
            except ChildProcessError:
                pass

            try:
                exception_name, hex_errno, err_msg = (
                        errpipe_data.split(b':', 2))
                # The encoding here should match the encoding
                # written in by the subprocess implementations
                # like _posixsubprocess
                err_msg = err_msg.decode()
            except ValueError:
                exception_name = b'SubprocessError'
                hex_errno = b'0'
                err_msg = 'Bad exception data from child: {!r}'.format(
                              bytes(errpipe_data))
            child_exception_type = getattr(
                    builtins, exception_name.decode('ascii'),
                    SubprocessError)
            if issubclass(child_exception_type, OSError) and hex_errno:
                errno_num = int(hex_errno, 16)
                if err_msg == "noexec:chdir":
                    err_msg = ""
                    # The error must be from chdir(cwd).
                    err_filename = cwd
                elif err_msg == "noexec":
                    err_msg = ""
                    err_filename = None
                else:
                    err_filename = orig_executable
                if errno_num != 0:
                    err_msg = os.strerror(errno_num)
                if err_filename is not None:
>                   raise child_exception_type(errno_num, err_msg, err_filename)
E                   FileNotFoundError: [Errno 2] No such file or directory: PosixPath('/mnt/data/rec_bianchi_pr05c2c1_v066_wt/archive/expanded/Full_Bianchi_HyRec_PR05C2C1A_direct_compiler_characteristic_v0_66')

/usr/lib/python3.13/subprocess.py:1972: FileNotFoundError
=========================== short test summary info ============================
FAILED tests/trajectory/test_pr05c2c1a_artifact.py::test_pr05c2c1a_artifact_closes_bounded_direct_and_characteristic_stage - FileNotFoundError: [Errno 2] No such file or directory: '/mnt/data/rec_bianchi_pr05c2c1_v066_wt/archive/expanded/Full_Bianchi_HyRec_PR05C2C1A_direct_compiler_characteristic_v0_66/NUMERICAL_METRICS.json'
FAILED tests/trajectory/test_pr05c2c1a_artifact.py::test_pr05c2c1a_data_and_node_bytes_are_manifested - AssertionError: assert False
 +  where False = is_file()
 +    where is_file = PosixPath('/mnt/data/rec_bianchi_pr05c2c1_v066_wt/data/pr05c2c1a_direct_compiler_characteristic_v066.npz').is_file
FAILED tests/trajectory/test_pr05c2c1a_artifact.py::test_pr05c2c1a_immutable_verifier_passes - FileNotFoundError: [Errno 2] No such file or directory: PosixPath('/mnt/data/rec_bianchi_pr05c2c1_v066_wt/archive/expanded/Full_Bianchi_HyRec_PR05C2C1A_direct_compiler_characteristic_v0_66')
3 failed in 0.23s
