{
  "PR04": "COMPLETE_OPERATOR_CONTRACT",
  "claim_boundary": {
    "closed_claim": "source-conditioned scalar split-domain interface contract is conservative, positive and differentiable at z~1300,1100,900",
    "full_recombination_history": false,
    "native_com_trajectory_parity": false,
    "next_stage": "PR-05 primitive HYREC/background trajectory interface",
    "state": "OPERATOR_VERIFICATION"
  },
  "classification": "PR04C3_HARD_GATE_LEDGER",
  "gates": [
    {
      "name": "harness_validation",
      "passed": true
    },
    {
      "name": "binary_hash_policy",
      "passed": true
    },
    {
      "name": "exact_three_lane_schema",
      "passed": true
    },
    {
      "name": "six_unique_packets",
      "passed": true
    },
    {
      "name": "complete_provenance",
      "passed": true
    },
    {
      "name": "componentwise_common_ledger",
      "passed": true
    },
    {
      "name": "no_cross_snapshot_sum",
      "passed": true
    },
    {
      "name": "operator_verification_state_only",
      "passed": true
    },
    {
      "name": "no_direct_state_remap",
      "passed": true
    },
    {
      "name": "no_fitted_normalization",
      "passed": true
    },
    {
      "name": "native_primitive_direct_schur",
      "passed": true
    },
    {
      "name": "native_physical_edge_identity",
      "passed": true
    },
    {
      "name": "com_replay_and_restart",
      "passed": true
    },
    {
      "name": "number_and_face_energy",
      "passed": true
    },
    {
      "name": "zero_interface_atom_source",
      "passed": true
    },
    {
      "name": "positivity_jvp_entropy",
      "passed": true
    },
    {
      "name": "branch_zero_localization",
      "passed": true
    },
    {
      "name": "high_precision_reference",
      "passed": true
    }
  ],
  "metrics": {
    "common_ledger_sha256": "0495d07ae4db9a53369eccac793fbc15f45396b35bec5bba46af6e865e53af53",
    "epsilon_common": 0.0,
    "max_backward_error_relative": 1.3200190226745005e-17,
    "max_jvp_relative_error": 1.26832969415376e-09,
    "max_native_direct_source_relative": 3.5248307871551763e-15,
    "max_native_schur_direct_relative": 1.1881452091534302e-15,
    "max_native_structural_flux_relative": 2.0517225706554158e-11,
    "max_number_relative_residual": 2.5609198306764287e-14,
    "packet_count": 6,
    "snapshot_count": 3
  },
  "stage": "PR-04C3",
  "status": "PASS_PR04_OPERATOR_CONTRACT_COMPLETE_PR05_NEXT",
  "version": "0.57"
}
