
[committed_feature_range]
archive/expanded/Full_Bianchi_HyRec_PR05C2C1B1_source_adapter_withheld_v0_67/CHARACTERISTIC_FACE_LEDGER.csv:1: trailing whitespace.
+model,side,tau,frequency_relative_residual,f_face,travel_time_s,minimum_doppler_factor,minimum_abs_frequency_speed_s_inv,step_count
archive/expanded/Full_Bianchi_HyRec_PR05C2C1B1_source_adapter_withheld_v0_67/CHARACTERISTIC_FACE_LEDGER.csv:2: trailing whitespace.
+Bianchi_II_large_shear,red,1.25,4.055961151668019e-16,0.2527846067700712,56455126457.67191,1.0,3.542598248888867e-15,13
archive/expanded/Full_Bianchi_HyRec_PR05C2C1B1_source_adapter_withheld_v0_67/CHARACTERISTIC_FACE_LEDGER.csv:3: trailing whitespace.
+Bianchi_II_large_shear,blue,1.25,4.055961151668019e-16,0.3511582823696646,56455126457.67191,1.0,3.542598248888867e-15,13
archive/expanded/Full_Bianchi_HyRec_PR05C2C1B1_source_adapter_withheld_v0_67/CHARACTERISTIC_FACE_LEDGER.csv:4: trailing whitespace.
+Bianchi_VI_h_tilted_large_shear,red,0.75,4.055961151668019e-16,0.2647986854515306,15441985027.742031,1.1263494318046403,1.2950794836563856e-14,13
archive/expanded/Full_Bianchi_HyRec_PR05C2C1B1_source_adapter_withheld_v0_67/CHARACTERISTIC_FACE_LEDGER.csv:5: trailing whitespace.
+Bianchi_VI_h_tilted_large_shear,blue,0.75,4.055961151668019e-16,0.29452048287135574,15441985027.742031,1.1263494318046403,1.2950794836563856e-14,13
archive/expanded/Full_Bianchi_HyRec_PR05C2C1B1_source_adapter_withheld_v0_67/CHARACTERISTIC_FACE_LEDGER.csv:6: trailing whitespace.
+Bianchi_VI_minus_1_over_9_exceptional,red,1.0,4.055961151668019e-16,0.2543209247227262,50717147065.91307,1.0,3.9432990634996025e-15,13
archive/expanded/Full_Bianchi_HyRec_PR05C2C1B1_source_adapter_withheld_v0_67/CHARACTERISTIC_FACE_LEDGER.csv:7: trailing whitespace.
+Bianchi_VI_minus_1_over_9_exceptional,blue,1.0,4.055961151668019e-16,0.3439156405928621,50717147065.91307,1.0,3.9432990634996025e-15,13
archive/expanded/Full_Bianchi_HyRec_PR05C2C1B1_source_adapter_withheld_v0_67/ORIGINAL_HYREC_SOURCE_EXCERPTS.txt:1: trailing whitespace.
+521:       Dtau[b] = Gammab * x1s * cube(hPc/twog->Eb_tab[b]/fsR/fsR/meR) * nH /8. /M_PI /H; 
archive/expanded/Full_Bianchi_HyRec_PR05C2C1B1_source_adapter_withheld_v0_67/ORIGINAL_HYREC_SOURCE_EXCERPTS.txt:6: trailing whitespace.
+787:          one_minus_exptau = Dtau[b] > 1e-6 ? 1.-exp(-Dtau[b]) : Dtau[b] - square(Dtau[b])/2.;
{
  "checks": [
    "committed_feature_range",
    "staged_changes",
    "unstaged_changes"
  ],
  "excluded_evidence_logs": [
    "state/*.log"
  ],
  "failures": {
    "committed_feature_range": "archive/expanded/Full_Bianchi_HyRec_PR05C2C1B1_source_adapter_withheld_v0_67/CHARACTERISTIC_FACE_LEDGER.csv:1: trailing whitespace.\n+model,side,tau,frequency_relative_residual,f_face,travel_time_s,minimum_doppler_factor,minimum_abs_frequency_speed_s_inv,step_count\narchive/expanded/Full_Bianchi_HyRec_PR05C2C1B1_source_adapter_withheld_v0_67/CHARACTERISTIC_FACE_LEDGER.csv:2: trailing whitespace.\n+Bianchi_II_large_shear,red,1.25,4.055961151668019e-16,0.2527846067700712,56455126457.67191,1.0,3.542598248888867e-15,13\narchive/expanded/Full_Bianchi_HyRec_PR05C2C1B1_source_adapter_withheld_v0_67/CHARACTERISTIC_FACE_LEDGER.csv:3: trailing whitespace.\n+Bianchi_II_large_shear,blue,1.25,4.055961151668019e-16,0.3511582823696646,56455126457.67191,1.0,3.542598248888867e-15,13\narchive/expanded/Full_Bianchi_HyRec_PR05C2C1B1_source_adapter_withheld_v0_67/CHARACTERISTIC_FACE_LEDGER.csv:4: trailing whitespace.\n+Bianchi_VI_h_tilted_large_shear,red,0.75,4.055961151668019e-16,0.2647986854515306,15441985027.742031,1.1263494318046403,1.2950794836563856e-14,13\narchive/expanded/Full_Bianchi_HyRec_PR05C2C1B1_source_adapter_withheld_v0_67/CHARACTERISTIC_FACE_LEDGER.csv:5: trailing whitespace.\n+Bianchi_VI_h_tilted_large_shear,blue,0.75,4.055961151668019e-16,0.29452048287135574,15441985027.742031,1.1263494318046403,1.2950794836563856e-14,13\narchive/expanded/Full_Bianchi_HyRec_PR05C2C1B1_source_adapter_withheld_v0_67/CHARACTERISTIC_FACE_LEDGER.csv:6: trailing whitespace.\n+Bianchi_VI_minus_1_over_9_exceptional,red,1.0,4.055961151668019e-16,0.2543209247227262,50717147065.91307,1.0,3.9432990634996025e-15,13\narchive/expanded/Full_Bianchi_HyRec_PR05C2C1B1_source_adapter_withheld_v0_67/CHARACTERISTIC_FACE_LEDGER.csv:7: trailing whitespace.\n+Bianchi_VI_minus_1_over_9_exceptional,blue,1.0,4.055961151668019e-16,0.3439156405928621,50717147065.91307,1.0,3.9432990634996025e-15,13\narchive/expanded/Full_Bianchi_HyRec_PR05C2C1B1_source_adapter_withheld_v0_67/ORIGINAL_HYREC_SOURCE_EXCERPTS.txt:1: trailing whitespace.\n+521:       Dtau[b] = Gammab * x1s * cube(hPc/twog->Eb_tab[b]/fsR/fsR/meR) * nH /8. /M_PI /H; \narchive/expanded/Full_Bianchi_HyRec_PR05C2C1B1_source_adapter_withheld_v0_67/ORIGINAL_HYREC_SOURCE_EXCERPTS.txt:6: trailing whitespace.\n+787:          one_minus_exptau = Dtau[b] > 1e-6 ? 1.-exp(-Dtau[b]) : Dtau[b] - square(Dtau[b])/2.;"
  },
  "feature_base": "a728692029eaa4411a60f39772423fb7bcf2816e",
  "head": "dcf4a7031044296c792b34cbf46f3677bb55cc75",
  "repository": "/mnt/data/rec_bianchi_v066_rebuild",
  "status": "FAIL"
}
