=== repository --all ===
HyRec binary-hash policy PASS (/mnt/data/rec_bianchi_pr05c2_v063_wt/tests)
{
  "checks": [
    "committed_feature_range",
    "staged_changes",
    "unstaged_changes"
  ],
  "excluded_evidence_logs": [
    "state/*.log"
  ],
  "failures": {},
  "feature_base": "281cd4f12ba8e594c5e3558542e6714cf7b4d802",
  "head": "48a3046e85a53bdfc48dccf211dd74f44cc0c726",
  "repository": "/mnt/data/rec_bianchi_pr05c2_v063_wt",
  "status": "PASS"
}
PASS_PR05C2A_DIRECTIONAL_CONSERVATIVE_PILOT_BOUNDED_NO_GO_ANGULAR_THERMODYNAMIC_STIFFNESS_PR05C2B_NEXT
........................................................................ [ 34%]
........................................................................ [ 69%]
..............................................................           [100%]
206 passed, 36 deselected in 41.47s
{"status": "PASS", "bundle_count": 63, "current_artifact": "Full_Bianchi_HyRec_PR05C2A_directional_coupling_preflight_v0_63", "mode": "all", "scientific_slow_file_count": 0, "scientific_slow_test_count": 0}

=== repository --scientific ===
HyRec binary-hash policy PASS (/mnt/data/rec_bianchi_pr05c2_v063_wt/tests)
{
  "checks": [
    "committed_feature_range",
    "staged_changes",
    "unstaged_changes"
  ],
  "excluded_evidence_logs": [
    "state/*.log"
  ],
  "failures": {},
  "feature_base": "281cd4f12ba8e594c5e3558542e6714cf7b4d802",
  "head": "48a3046e85a53bdfc48dccf211dd74f44cc0c726",
  "repository": "/mnt/data/rec_bianchi_pr05c2_v063_wt",
  "status": "PASS"
}
PASS_PR05C2A_DIRECTIONAL_CONSERVATIVE_PILOT_BOUNDED_NO_GO_ANGULAR_THERMODYNAMIC_STIFFNESS_PR05C2B_NEXT
.                                                                        [100%]
1 passed in 1.03s
.                                                                        [100%]
1 passed in 1.00s
.                                                                        [100%]
1 passed in 1.58s
.                                                                        [100%]
1 passed in 0.95s
.                                                                        [100%]
1 passed in 20.94s
.                                                                        [100%]
1 passed in 8.44s
.                                                                        [100%]
1 passed in 0.94s
.                                                                        [100%]
1 passed in 7.54s
.                                                                        [100%]
1 passed in 0.21s
.                                                                        [100%]
1 passed in 7.82s
.                                                                        [100%]
1 passed in 17.85s
.                                                                        [100%]
1 passed in 11.28s
.                                                                        [100%]
1 passed in 0.57s
.                                                                        [100%]
1 passed in 0.49s
.                                                                        [100%]
1 passed in 1.66s
.                                                                        [100%]
1 passed in 10.90s
.                                                                        [100%]
1 passed in 16.23s
.                                                                        [100%]
1 passed in 4.94s
.                                                                        [100%]
1 passed in 6.49s
.                                                                        [100%]
1 passed in 0.22s
.                                                                        [100%]
1 passed in 0.97s
.                                                                        [100%]
1 passed in 1.71s
.                                                                        [100%]
1 passed in 2.67s
.                                                                        [100%]
1 passed in 1.42s
.                                                                        [100%]
1 passed in 1.55s
.                                                                        [100%]
1 passed in 4.61s
.                                                                        [100%]
1 passed in 4.88s
.                                                                        [100%]
1 passed in 1.75s
.                                                                        [100%]
1 passed in 7.03s
.                                                                        [100%]
1 passed in 1.06s
.                                                                        [100%]
1 passed in 1.24s
.                                                                        [100%]
1 passed in 3.81s
.                                                                        [100%]
1 passed in 2.77s
.                                                                        [100%]
1 passed in 3.06s
.                                                                        [100%]
1 passed in 2.27s
.                                                                        [100%]
1 passed in 6.82s
........................................................................ [ 34%]
........................................................................ [ 69%]
..............................................................           [100%]
206 passed, 36 deselected in 38.25s
{"status": "PASS", "bundle_count": 63, "current_artifact": "Full_Bianchi_HyRec_PR05C2A_directional_coupling_preflight_v0_63", "mode": "scientific", "scientific_slow_file_count": 15, "scientific_slow_test_count": 36}

=== targeted ===
17 passed in 5.01s
=== py_compile ===
165 tracked/intended Python files PASS
=== git fsck ===
PASS --full --no-dangling
