PR-05C2C1B2B1E1B0/v0.75 final pre-seal verification
Generated UTC: 2026-08-11T02:11:54.415509Z
Pre-seal HEAD: 10d9d08284b64d0e079c24275dd833596542f05d
Pre-seal tree: 3d66db9f50448cfc32ff4948b11987f2850a6174

=== targeted ownership tests ===
......                                                                   [100%]
6 passed in 0.40s

=== repository --all ===
HyRec binary-hash policy PASS (/mnt/data/rec_bianchi_v075_work/tests)
{
  "checks": [
    "committed_feature_range",
    "staged_changes",
    "unstaged_changes"
  ],
  "excluded_evidence_logs": [
    "state/*.log"
  ],
  "failures": {},
  "feature_base": "8f1f4fc5b4c17cb2813b1217e442e845d8cf7df6",
  "head": "10d9d08284b64d0e079c24275dd833596542f05d",
  "repository": "/mnt/data/rec_bianchi_v075_work",
  "status": "PASS"
}
PASS_BOUNDED_NO_GO_DYNAMIC_ATOMIC_MACRO_OWNERSHIP_OVERLAP_SPLIT_DOMAIN_REPLACEMENT_REQUIRED
........................................................................ [ 22%]
........................................................................ [ 44%]
........................................................................ [ 66%]
........................................................................ [ 89%]
...................................                                      [100%]
323 passed, 37 deselected in 27.47s
{"status": "PASS", "bundle_count": 73, "current_artifact": "Full_Bianchi_HyRec_PR05C2C1B2B1E1B0_dynamic_macro_ownership_no_go_v0_75", "mode": "all", "scientific_slow_file_count": 0, "scientific_slow_test_count": 0}

=== repository --scientific ===
HyRec binary-hash policy PASS (/mnt/data/rec_bianchi_v075_work/tests)
{
  "checks": [
    "committed_feature_range",
    "staged_changes",
    "unstaged_changes"
  ],
  "excluded_evidence_logs": [
    "state/*.log"
  ],
  "failures": {},
  "feature_base": "8f1f4fc5b4c17cb2813b1217e442e845d8cf7df6",
  "head": "10d9d08284b64d0e079c24275dd833596542f05d",
  "repository": "/mnt/data/rec_bianchi_v075_work",
  "status": "PASS"
}
PASS_BOUNDED_NO_GO_DYNAMIC_ATOMIC_MACRO_OWNERSHIP_OVERLAP_SPLIT_DOMAIN_REPLACEMENT_REQUIRED
[scientific] receipt PASS: tests/recoil/test_full_harmonic_deposition.py
[scientific] receipt PASS: tests/recoil/test_hyrec_common_measure.py
[scientific] receipt PASS: tests/recoil/test_original_hyrec_boundary_instrumentation.py
[scientific] receipt PASS: tests/recoil/test_original_hyrec_native.py
[scientific] receipt PASS: tests/recoil/test_original_hyrec_physical_flux.py
[scientific] receipt PASS: tests/recoil/test_pair_cell_conductance.py
[scientific] receipt PASS: tests/recoil/test_recoil_bridge.py
[scientific] receipt PASS: tests/recoil/test_same_cell_regular.py
[scientific] receipt PASS: tests/recoil/test_thermal_deposition.py
[scientific] receipt PASS: tests/trajectory/test_adaptive_canonical_macro.py
[scientific] receipt PASS: tests/trajectory/test_causal_characteristic_history.py
[scientific] receipt PASS: tests/trajectory/test_causal_history_instrumentation.py
[scientific] receipt PASS: tests/trajectory/test_full_coupled_transport.py
[scientific] receipt PASS: tests/trajectory/test_hyrec_two_photon_raman.py
[scientific] receipt PASS: tests/trajectory/test_primitive_rates.py
[scientific] receipt PASS: tests/trajectory/test_scalar_history_owner_swap.py
[scientific] fast aggregate: -m not slow
........................................................................ [ 22%]
........................................................................ [ 44%]
........................................................................ [ 66%]
........................................................................ [ 89%]
...................................                                      [100%]
323 passed, 37 deselected in 27.16s
{"status": "PASS", "bundle_count": 73, "current_artifact": "Full_Bianchi_HyRec_PR05C2C1B2B1E1B0_dynamic_macro_ownership_no_go_v0_75", "mode": "scientific", "scientific_slow_file_count": 16, "scientific_slow_test_count": 37}

=== py_compile/import ===
234 tracked Python files compiled
59 full_bianchi_hyrec module paths imported
check_imports.py absent in exact author lineage
