PR-05C2C1B2B1E1A/v0.74 final pre-seal verification
Generated UTC: 2026-08-10T12:53:41.100184+00:00
Pre-seal HEAD: 4a5f60da8cc6a0e81e79285e9190d1d1db28a504
Pre-seal tree: 28f58de66056b840cb6e5e101b5a08b117d1fb19

STATUS: PASS_PR05C2C1B2B1E1A_SOURCE_CONDITIONED_SINGLE_COM_MACRO_ROUNDOFF_LIMITED_ROOT_ATOMIC_HISTORY_COUPLING_OPEN
CLAIM: source-conditioned roundoff-limited COM collision--transport root; dynamic atomic/native/history macro OPEN.

=== targeted ===
30 passed in 4.17s
exit 0

=== repository all ===
HyRec binary-hash policy PASS (/mnt/data/rec_bianchi_v074_work/tests)
{
  "checks": [
    "committed_feature_range",
    "staged_changes",
    "unstaged_changes"
  ],
  "excluded_evidence_logs": [
    "state/*.log"
  ],
  "failures": {},
  "feature_base": "8f1f4fc5b4c17cb2813b1217e442e845d8cf7df6",
  "head": "4a5f60da8cc6a0e81e79285e9190d1d1db28a504",
  "repository": "/mnt/data/rec_bianchi_v074_work",
  "status": "PASS"
}
PASS_PR05C2C1B2B1E1A_SOURCE_CONDITIONED_SINGLE_COM_MACRO_ROUNDOFF_LIMITED_ROOT_ATOMIC_HISTORY_COUPLING_OPEN
........................................................................ [ 22%]
........................................................................ [ 45%]
........................................................................ [ 68%]
........................................................................ [ 90%]
.............................                                            [100%]
317 passed, 37 deselected in 28.48s
{"status": "PASS", "bundle_count": 72, "current_artifact": "Full_Bianchi_HyRec_PR05C2C1B2B1E1A_single_com_macro_v0_74", "mode": "all", "scientific_slow_file_count": 0, "scientific_slow_test_count": 0}


=== scientific ===
HyRec binary-hash policy PASS (/mnt/data/rec_bianchi_v074_work/tests)
{
  "checks": [
    "committed_feature_range",
    "staged_changes",
    "unstaged_changes"
  ],
  "excluded_evidence_logs": [
    "state/*.log"
  ],
  "failures": {},
  "feature_base": "8f1f4fc5b4c17cb2813b1217e442e845d8cf7df6",
  "head": "4a5f60da8cc6a0e81e79285e9190d1d1db28a504",
  "repository": "/mnt/data/rec_bianchi_v074_work",
  "status": "PASS"
}
PASS_PR05C2C1B2B1E1A_SOURCE_CONDITIONED_SINGLE_COM_MACRO_ROUNDOFF_LIMITED_ROOT_ATOMIC_HISTORY_COUPLING_OPEN
[scientific] receipt PASS: tests/recoil/test_full_harmonic_deposition.py
[scientific] receipt PASS: tests/recoil/test_hyrec_common_measure.py
[scientific] receipt PASS: tests/recoil/test_original_hyrec_boundary_instrumentation.py
[scientific] receipt PASS: tests/recoil/test_original_hyrec_native.py
[scientific] receipt PASS: tests/recoil/test_original_hyrec_physical_flux.py
[scientific] slow file: tests/recoil/test_pair_cell_conductance.py
....                                                                     [100%]
4 passed in 27.46s
[scientific] slow file: tests/recoil/test_recoil_bridge.py
...                                                                      [100%]
3 passed in 1.05s
[scientific] slow file: tests/recoil/test_same_cell_regular.py
.....                                                                    [100%]
5 passed in 27.76s
[scientific] slow file: tests/recoil/test_thermal_deposition.py
.....                                                                    [100%]
5 passed in 1.88s
[scientific] slow file: tests/trajectory/test_adaptive_canonical_macro.py
.                                                                        [100%]
1 passed, 7 deselected in 1.22s
[scientific] slow file: tests/trajectory/test_causal_characteristic_history.py
..                                                                       [100%]
2 passed, 4 deselected in 1.66s
[scientific] slow file: tests/trajectory/test_causal_history_instrumentation.py
.                                                                        [100%]
1 passed, 1 deselected in 3.89s
[scientific] slow file: tests/trajectory/test_full_coupled_transport.py
.                                                                        [100%]
1 passed, 16 deselected in 0.41s
[scientific] slow file: tests/trajectory/test_hyrec_two_photon_raman.py
.                                                                        [100%]
1 passed, 6 deselected in 0.68s
[scientific] slow file: tests/trajectory/test_primitive_rates.py
.                                                                        [100%]
1 passed, 4 deselected in 0.68s
[scientific] slow file: tests/trajectory/test_scalar_history_owner_swap.py
.....                                                                    [100%]
5 passed, 3 deselected in 3.76s
[scientific] fast aggregate: -m not slow
........................................................................ [ 22%]
........................................................................ [ 45%]
........................................................................ [ 68%]
........................................................................ [ 90%]
.............................                                            [100%]
317 passed, 37 deselected in 27.96s
{"status": "PASS", "bundle_count": 72, "current_artifact": "Full_Bianchi_HyRec_PR05C2C1B2B1E1A_single_com_macro_v0_74", "mode": "scientific", "scientific_slow_file_count": 16, "scientific_slow_test_count": 37}


=== pycompile/import ===
py_compile PASS: 230 Python files
package import path census: 59 module paths

=== web/remote ===
Public GitHub page: repository Public, 167 commits, zero open PRs, README active stage v0.70-P0.
Exact latest main SHA not exposed; shell DNS failed and no write token/gh session was present.
