PR-05C2C1B2B1D/v0.72 final pre-seal verification
Generated UTC: 2026-08-10T03:04:47.803744+00:00
Pre-seal HEAD: a6dbb67cc38ac54551f8987d59d3dd66f03767d3
Pre-seal tree: 9f6267f12c6a0b6a60e90ddcf0a765136108e41f
=== completed core gates ===
=== bootstrap ===
offline recovery: using dependency-complete base interpreter python3
dependency check: PASS (numpy=2.3.5, scipy=1.17.0, pytest=9.0.2)
HyRec binary-hash policy PASS (/mnt/data/rec_bianchi_v072_worktree/tests)
{
  "checks": [
    "committed_feature_range",
    "staged_changes",
    "unstaged_changes"
  ],
  "excluded_evidence_logs": [
    "state/*.log"
  ],
  "failures": {},
  "feature_base": "817d4800add05f41fae0a9c713c64cf5786f1558",
  "head": "a6dbb67cc38ac54551f8987d59d3dd66f03767d3",
  "repository": "/mnt/data/rec_bianchi_v072_worktree",
  "status": "PASS"
}
PASS_PR05C2C1B2B1D_PARENT_PROVENANCE_FIREWALL_BIANCHI_II_PROVIDER_PILOT_R3_OPEN
{"status": "PASS", "bundle_count": 70, "current_artifact": "Full_Bianchi_HyRec_PR05C2C1B2B1D_parent_provenance_background_provider_v0_72", "mode": "quick", "scientific_slow_file_count": 0, "scientific_slow_test_count": 0}

Sandbox ready. Read HANDOFF_PROMPT.md and state/PROJECT_STATE.json.
=== binary hash policy ===
HyRec binary-hash policy PASS (/mnt/data/rec_bianchi_v072_worktree/tests)
=== whitespace policy ===
{
  "checks": [
    "committed_feature_range",
    "staged_changes",
    "unstaged_changes"
  ],
  "excluded_evidence_logs": [
    "state/*.log"
  ],
  "failures": {},
  "feature_base": "817d4800add05f41fae0a9c713c64cf5786f1558",
  "head": "a6dbb67cc38ac54551f8987d59d3dd66f03767d3",
  "repository": "/mnt/data/rec_bianchi_v072_worktree",
  "status": "PASS"
}
=== imports ===
check_imports.py absent in author lineage
=== quick ===
HyRec binary-hash policy PASS (/mnt/data/rec_bianchi_v072_worktree/tests)
{
  "checks": [
    "committed_feature_range",
    "staged_changes",
    "unstaged_changes"
  ],
  "excluded_evidence_logs": [
    "state/*.log"
  ],
  "failures": {},
  "feature_base": "817d4800add05f41fae0a9c713c64cf5786f1558",
  "head": "a6dbb67cc38ac54551f8987d59d3dd66f03767d3",
  "repository": "/mnt/data/rec_bianchi_v072_worktree",
  "status": "PASS"
}
PASS_PR05C2C1B2B1D_PARENT_PROVENANCE_FIREWALL_BIANCHI_II_PROVIDER_PILOT_R3_OPEN
{"status": "PASS", "bundle_count": 70, "current_artifact": "Full_Bianchi_HyRec_PR05C2C1B2B1D_parent_provenance_background_provider_v0_72", "mode": "quick", "scientific_slow_file_count": 0, "scientific_slow_test_count": 0}
=== targeted ===
............                                                             [100%]
12 passed in 1.03s

=== completed repository --all ===
HyRec binary-hash policy PASS (/mnt/data/rec_bianchi_v072_worktree/tests)
{
  "checks": [
    "committed_feature_range",
    "staged_changes",
    "unstaged_changes"
  ],
  "excluded_evidence_logs": [
    "state/*.log"
  ],
  "failures": {},
  "feature_base": "817d4800add05f41fae0a9c713c64cf5786f1558",
  "head": "a6dbb67cc38ac54551f8987d59d3dd66f03767d3",
  "repository": "/mnt/data/rec_bianchi_v072_worktree",
  "status": "PASS"
}
PASS_PR05C2C1B2B1D_PARENT_PROVENANCE_FIREWALL_BIANCHI_II_PROVIDER_PILOT_R3_OPEN
........................................................................ [ 23%]
........................................................................ [ 46%]
........................................................................ [ 69%]
........................................................................ [ 93%]
.....................                                                    [100%]
309 passed, 37 deselected in 24.57s
{"status": "PASS", "bundle_count": 70, "current_artifact": "Full_Bianchi_HyRec_PR05C2C1B2B1D_parent_provenance_background_provider_v0_72", "mode": "all", "scientific_slow_file_count": 0, "scientific_slow_test_count": 0}

=== completed scientific ===
HyRec binary-hash policy PASS (/mnt/data/rec_bianchi_v072_worktree/tests)
{
  "checks": [
    "committed_feature_range",
    "staged_changes",
    "unstaged_changes"
  ],
  "excluded_evidence_logs": [
    "state/*.log"
  ],
  "failures": {},
  "feature_base": "817d4800add05f41fae0a9c713c64cf5786f1558",
  "head": "a6dbb67cc38ac54551f8987d59d3dd66f03767d3",
  "repository": "/mnt/data/rec_bianchi_v072_worktree",
  "status": "PASS"
}
PASS_PR05C2C1B2B1D_PARENT_PROVENANCE_FIREWALL_BIANCHI_II_PROVIDER_PILOT_R3_OPEN
[scientific] receipt PASS: tests/recoil/test_full_harmonic_deposition.py
[scientific] receipt PASS: tests/recoil/test_hyrec_common_measure.py
[scientific] receipt PASS: tests/recoil/test_original_hyrec_boundary_instrumentation.py
[scientific] receipt PASS: tests/recoil/test_original_hyrec_native.py
[scientific] receipt PASS: tests/recoil/test_original_hyrec_physical_flux.py
[scientific] receipt PASS: tests/recoil/test_pair_cell_conductance.py
[scientific] receipt PASS: tests/recoil/test_recoil_bridge.py
[scientific] receipt PASS: tests/recoil/test_same_cell_regular.py
[scientific] receipt PASS: tests/recoil/test_thermal_deposition.py
[scientific] receipt PASS: tests/trajectory/test_adaptive_canonical_macro.py
[scientific] receipt PASS: tests/trajectory/test_causal_characteristic_history.py
[scientific] receipt PASS: tests/trajectory/test_causal_history_instrumentation.py
[scientific] receipt PASS: tests/trajectory/test_full_coupled_transport.py
[scientific] receipt PASS: tests/trajectory/test_hyrec_two_photon_raman.py
[scientific] receipt PASS: tests/trajectory/test_primitive_rates.py
[scientific] receipt PASS: tests/trajectory/test_scalar_history_owner_swap.py
[scientific] fast aggregate: -m not slow
........................................................................ [ 23%]
........................................................................ [ 46%]
........................................................................ [ 69%]
........................................................................ [ 93%]
.....................                                                    [100%]
309 passed, 37 deselected in 24.70s
{"status": "PASS", "bundle_count": 70, "current_artifact": "Full_Bianchi_HyRec_PR05C2C1B2B1D_parent_provenance_background_provider_v0_72", "mode": "scientific", "scientific_slow_file_count": 16, "scientific_slow_test_count": 37}

=== completed py_compile/import ===
py_compile PASS: 221 tracked Python files
package imports PASS: 56 module paths

=== pre-seal Git gates ===
git diff --check PASS
git fsck --full --no-dangling PASS
worktree CLEAN
