HyRec binary-hash policy PASS (/mnt/data/rec_bianchi_v062_recovery/repo/tests)
{
  "checks": [
    "committed_feature_range",
    "staged_changes",
    "unstaged_changes"
  ],
  "excluded_evidence_logs": [
    "state/*.log"
  ],
  "failures": {},
  "feature_base": "8a3b6452042615bc8900d65250e4bce0712706c7",
  "head": "4f14725e5f89b4eb0fbe18fa9e1884e0702ead3d",
  "repository": "/mnt/data/rec_bianchi_v062_recovery/repo",
  "status": "PASS"
}
PR-05C1 v0.62 artifact: PASS; adaptive canonical-macro controller COMPLETE; PR-05C2 full coupling OPEN
........................................................................ [ 37%]
........................................................................ [ 75%]
..............................................                           [100%]
190 passed, 35 deselected in 35.65s
{"status": "PASS", "bundle_count": 62, "current_artifact": "Full_Bianchi_HyRec_PR05C1_adaptive_canonical_macro_v0_62", "mode": "all", "scientific_slow_file_count": 0, "scientific_slow_test_count": 0}
