\n$ ./scripts/bootstrap_sandbox.sh --offline
offline recovery: using dependency-complete base interpreter python3
dependency check: PASS (numpy=2.3.5, scipy=1.17.0, pytest=9.0.2)
HyRec binary-hash policy PASS (/mnt/data/rec_bianchi_v066_rebuild/tests)
{
  "checks": [
    "committed_feature_range",
    "staged_changes",
    "unstaged_changes"
  ],
  "excluded_evidence_logs": [
    "state/*.log"
  ],
  "failures": {},
  "feature_base": "a728692029eaa4411a60f39772423fb7bcf2816e",
  "head": "56db25552525678bb8e10553867a3c8ab967374b",
  "repository": "/mnt/data/rec_bianchi_v066_rebuild",
  "status": "PASS"
}
PR-05C2C1B1 v0.67 artifact: PASS; preconditioner and multi-macro OPEN
{"status": "PASS", "bundle_count": 66, "current_artifact": "Full_Bianchi_HyRec_PR05C2C1B1_source_adapter_withheld_v0_67", "mode": "quick", "scientific_slow_file_count": 0, "scientific_slow_test_count": 0}

Sandbox ready. Read HANDOFF_PROMPT.md and state/PROJECT_STATE.json.
\n$ python scripts/check_hyrec_binary_hash_policy.py
HyRec binary-hash policy PASS (/mnt/data/rec_bianchi_v066_rebuild/tests)
\n$ python scripts/check_commit_range_whitespace.py
{
  "checks": [
    "committed_feature_range",
    "staged_changes",
    "unstaged_changes"
  ],
  "excluded_evidence_logs": [
    "state/*.log"
  ],
  "failures": {},
  "feature_base": "a728692029eaa4411a60f39772423fb7bcf2816e",
  "head": "56db25552525678bb8e10553867a3c8ab967374b",
  "repository": "/mnt/data/rec_bianchi_v066_rebuild",
  "status": "PASS"
}
\n$ python scripts/verify_repo.py --quick
HyRec binary-hash policy PASS (/mnt/data/rec_bianchi_v066_rebuild/tests)
{
  "checks": [
    "committed_feature_range",
    "staged_changes",
    "unstaged_changes"
  ],
  "excluded_evidence_logs": [
    "state/*.log"
  ],
  "failures": {},
  "feature_base": "a728692029eaa4411a60f39772423fb7bcf2816e",
  "head": "56db25552525678bb8e10553867a3c8ab967374b",
  "repository": "/mnt/data/rec_bianchi_v066_rebuild",
  "status": "PASS"
}
PR-05C2C1B1 v0.67 artifact: PASS; preconditioner and multi-macro OPEN
{"status": "PASS", "bundle_count": 66, "current_artifact": "Full_Bianchi_HyRec_PR05C2C1B1_source_adapter_withheld_v0_67", "mode": "quick", "scientific_slow_file_count": 0, "scientific_slow_test_count": 0}
\n$ python scripts/verify_repo.py --all
HyRec binary-hash policy PASS (/mnt/data/rec_bianchi_v066_rebuild/tests)
{
  "checks": [
    "committed_feature_range",
    "staged_changes",
    "unstaged_changes"
  ],
  "excluded_evidence_logs": [
    "state/*.log"
  ],
  "failures": {},
  "feature_base": "a728692029eaa4411a60f39772423fb7bcf2816e",
  "head": "56db25552525678bb8e10553867a3c8ab967374b",
  "repository": "/mnt/data/rec_bianchi_v066_rebuild",
  "status": "PASS"
}
PR-05C2C1B1 v0.67 artifact: PASS; preconditioner and multi-macro OPEN
........................................................................ [ 28%]
........................................................................ [ 56%]
........................................................................ [ 84%]
........................................                                 [100%]HyRec binary-hash policy PASS (/mnt/data/rec_bianchi_v066_rebuild/tests)
{
  "checks": [
    "committed_feature_range",
    "staged_changes",
    "unstaged_changes"
  ],
  "excluded_evidence_logs": [
    "state/*.log"
  ],
  "failures": {},
  "feature_base": "a728692029eaa4411a60f39772423fb7bcf2816e",
  "head": "56db25552525678bb8e10553867a3c8ab967374b",
  "repository": "/mnt/data/rec_bianchi_v066_rebuild",
  "status": "PASS"
}
PR-05C2C1B1 v0.67 artifact: PASS; preconditioner and multi-macro OPEN
........................................................................ [ 28%]
........................................................................ [ 56%]
........................................................................ [ 84%]
........................................                                 [100%]
256 passed, 36 deselected in 20.94s
{"status": "PASS", "bundle_count": 66, "current_artifact": "Full_Bianchi_HyRec_PR05C2C1B1_source_adapter_withheld_v0_67", "mode": "all", "scientific_slow_file_count": 0, "scientific_slow_test_count": 0}
...........................                                              [100%]
27 passed in 1.17s
HyRec binary-hash policy PASS (/mnt/data/rec_bianchi_v066_rebuild/tests)
{
  "checks": [
    "committed_feature_range",
    "staged_changes",
    "unstaged_changes"
  ],
  "excluded_evidence_logs": [
    "state/*.log"
  ],
  "failures": {},
  "feature_base": "a728692029eaa4411a60f39772423fb7bcf2816e",
  "head": "56db25552525678bb8e10553867a3c8ab967374b",
  "repository": "/mnt/data/rec_bianchi_v066_rebuild",
  "status": "PASS"
}
PR-05C2C1B1 v0.67 artifact: PASS; preconditioner and multi-macro OPEN
[scientific] slow file: tests/recoil/test_full_harmonic_deposition.py
....                                                                     [100%]
4 passed in 0.98s
[scientific] slow file: tests/recoil/test_hyrec_common_measure.py
.                                                                        [100%]
1 passed, 10 deselected in 14.68s
[scientific] slow file: tests/recoil/test_original_hyrec_boundary_instrumentation.py
.                                                                        [100%]
1 passed, 3 deselected in 3.70s
[scientific] slow file: tests/recoil/test_original_hyrec_native.py
.                                                                        [100%]
1 passed, 5 deselected in 0.40s
[scientific] slow file: tests/recoil/test_original_hyrec_physical_flux.py
.                                                                        [100%]
1 passed, 6 deselected in 3.67s
[scientific] slow file: tests/recoil/test_pair_cell_conductance.py
HyRec binary-hash policy PASS (/mnt/data/rec_bianchi_v066_rebuild/tests)
{
  "checks": [
    "committed_feature_range",
    "staged_changes",
    "unstaged_changes"
  ],
  "excluded_evidence_logs": [
    "state/*.log"
  ],
  "failures": {},
  "feature_base": "a728692029eaa4411a60f39772423fb7bcf2816e",
  "head": "56db25552525678bb8e10553867a3c8ab967374b",
  "repository": "/mnt/data/rec_bianchi_v066_rebuild",
  "status": "PASS"
}
PR-05C2C1B1 v0.67 artifact: PASS; preconditioner and multi-macro OPEN
[scientific] receipt PASS: tests/recoil/test_full_harmonic_deposition.py
[scientific] receipt PASS: tests/recoil/test_hyrec_common_measure.py
[scientific] receipt PASS: tests/recoil/test_original_hyrec_boundary_instrumentation.py
[scientific] receipt PASS: tests/recoil/test_original_hyrec_native.py
[scientific] receipt PASS: tests/recoil/test_original_hyrec_physical_flux.py
[scientific] receipt PASS: tests/recoil/test_pair_cell_conductance.py
[scientific] receipt PASS: tests/recoil/test_recoil_bridge.py
[scientific] receipt PASS: tests/recoil/test_same_cell_regular.py
[scientific] receipt PASS: tests/recoil/test_thermal_deposition.py
[scientific] receipt PASS: tests/trajectory/test_adaptive_canonical_macro.py
[scientific] receipt PASS: tests/trajectory/test_causal_characteristic_history.py
[scientific] receipt PASS: tests/trajectory/test_causal_history_instrumentation.py
[scientific] receipt PASS: tests/trajectory/test_full_coupled_transport.py
[scientific] receipt PASS: tests/trajectory/test_primitive_rates.py
[scientific] receipt PASS: tests/trajectory/test_scalar_history_owner_swap.py
[scientific] fast aggregate: -m not slow
........................................................................ [ 28%]
........................................................................ [ 56%]
........................................................................ [ 84%]
........................................                                 [100%]
256 passed, 36 deselected in 21.21s
{"status": "PASS", "bundle_count": 66, "current_artifact": "Full_Bianchi_HyRec_PR05C2C1B1_source_adapter_withheld_v0_67", "mode": "scientific", "scientific_slow_file_count": 15, "scientific_slow_test_count": 36}
