PR-05C1 v0.62 PAYLOAD VERIFICATION
generated_utc=2026-08-07T11:30:33.769492+00:00
payload_head=d92c21b5d59ef82cd773cfaeb139b51a2c39188d
payload_tree=bba26cd0274ea2f90127db7b64d4cd9f4b168b9f

=== PAYLOAD HEAD/TREE ===
d92c21b5d59ef82cd773cfaeb139b51a2c39188d
bba26cd0274ea2f90127db7b64d4cd9f4b168b9f
=== OFFLINE BOOTSTRAP ===
offline recovery: using dependency-complete base interpreter python3
dependency check: PASS (numpy=2.3.5, scipy=1.17.0, pytest=9.0.2)
HyRec binary-hash policy PASS (/mnt/data/rec_bianchi_v062_recovery/repo/tests)
PR-05C1 v0.62 artifact: PASS; adaptive canonical-macro controller COMPLETE; PR-05C2 full coupling OPEN
{"status": "PASS", "bundle_count": 62, "current_artifact": "Full_Bianchi_HyRec_PR05C1_adaptive_canonical_macro_v0_62", "mode": "quick", "scientific_slow_file_count": 0, "scientific_slow_test_count": 0}

Sandbox ready. Read HANDOFF_PROMPT.md and state/PROJECT_STATE.json.
=== BINARY HASH POLICY ===
HyRec binary-hash policy PASS (/mnt/data/rec_bianchi_v062_recovery/repo/tests)
=== ARTIFACT VERIFIER ===
PR-05C1 v0.62 artifact: PASS; adaptive canonical-macro controller COMPLETE; PR-05C2 full coupling OPEN
=== QUICK VERIFIER ===
HyRec binary-hash policy PASS (/mnt/data/rec_bianchi_v062_recovery/repo/tests)
PR-05C1 v0.62 artifact: PASS; adaptive canonical-macro controller COMPLETE; PR-05C2 full coupling OPEN
{"status": "PASS", "bundle_count": 62, "current_artifact": "Full_Bianchi_HyRec_PR05C1_adaptive_canonical_macro_v0_62", "mode": "quick", "scientific_slow_file_count": 0, "scientific_slow_test_count": 0}
=== TARGETED TESTS ===
...........                                                              [100%]
11 passed in 6.31s
=== PY_COMPILE ===
py_compile PASS 157 tracked Python files
=== GIT DIFF CHECK ===
git diff --check PASS
=== GIT FSCK ===
git fsck --full --no-dangling PASS
=== WORKTREE ===
worktree CLEAN

=== REPOSITORY ALL ===
HyRec binary-hash policy PASS (/mnt/data/rec_bianchi_v062_recovery/repo/tests)
PR-05C1 v0.62 artifact: PASS; adaptive canonical-macro controller COMPLETE; PR-05C2 full coupling OPEN
........................................................................ [ 38%]
........................................................................ [ 77%]
...........................................                              [100%]
187 passed, 35 deselected in 33.37s
{"status": "PASS", "bundle_count": 62, "current_artifact": "Full_Bianchi_HyRec_PR05C1_adaptive_canonical_macro_v0_62", "mode": "all", "scientific_slow_file_count": 0, "scientific_slow_test_count": 0}

=== SCIENTIFIC WRAPPER ===
HyRec binary-hash policy PASS (/mnt/data/rec_bianchi_v062_recovery/repo/tests)
PR-05C1 v0.62 artifact: PASS; adaptive canonical-macro controller COMPLETE; PR-05C2 full coupling OPEN
.                                                                        [100%]
1 passed in 0.93s
.                                                                        [100%]
1 passed in 0.91s
.                                                                        [100%]
1 passed in 1.33s
.                                                                        [100%]
1 passed in 0.98s
.                                                                        [100%]
1 passed in 19.52s
.                                                                        [100%]
1 passed in 6.74s
.                                                                        [100%]
1 passed in 0.81s
.                                                                        [100%]
1 passed in 6.69s
.                                                                        [100%]
1 passed in 0.20s
.                                                                        [100%]
1 passed in 7.69s
.                                                                        [100%]
1 passed in 17.45s
.                                                                        [100%]
1 passed in 11.18s
.                                                                        [100%]
1 passed in 0.45s
.                                                                        [100%]
1 passed in 0.50s
.                                                                        [100%]
1 passed in 1.62s
.                                                                        [100%]
1 passed in 10.65s
.                                                                        [100%]
1 passed in 16.20s
.                                                                        [100%]
1 passed in 4.76s
.                                                                        [100%]
1 passed in 6.11s
.                                                                        [100%]
1 passed in 0.23s
.                                                                        [100%]
1 passed in 0.91s
.                                                                        [100%]
1 passed in 1.59s
.                                                                        [100%]
1 passed in 2.52s
.                                                                        [100%]
1 passed in 1.25s
.                                                                        [100%]
1 passed in 1.25s
.                                                                        [100%]
1 passed in 4.13s
.                                                                        [100%]
1 passed in 4.76s
.                                                                        [100%]
1 passed in 1.71s
.                                                                        [100%]
1 passed in 6.51s
.                                                                        [100%]
1 passed in 3.63s
.                                                                        [100%]
1 passed in 3.17s
.                                                                        [100%]
1 passed in 2.66s
.                                                                        [100%]
1 passed in 2.53s
.                                                                        [100%]
1 passed in 1.92s
.                                                                        [100%]
1 passed in 6.12s
........................................................................ [ 38%]
........................................................................ [ 77%]
...........................................                              [100%]
187 passed, 35 deselected in 30.82s
{"status": "PASS", "bundle_count": 62, "current_artifact": "Full_Bianchi_HyRec_PR05C1_adaptive_canonical_macro_v0_62", "mode": "scientific", "scientific_slow_file_count": 14, "scientific_slow_test_count": 35}

PAYLOAD_VERIFICATION_PASS
