===== CORE =====
=== offline bootstrap ===
offline recovery: using dependency-complete base interpreter python3
dependency check: PASS (numpy=2.3.5, scipy=1.17.0, pytest=9.0.2)
HyRec binary-hash policy PASS (/mnt/data/rec_bianchi_pr05b3_v061_work/repo/tests)
PR-05B3 v0.61 artifact: PASS; scalar typed-history owner swap COMPLETE; PR-05C adaptive short trajectory OPEN
{"status": "PASS", "bundle_count": 61, "current_artifact": "Full_Bianchi_HyRec_PR05B3_scalar_history_owner_swap_v0_61", "mode": "quick", "scientific_slow_file_count": 0, "scientific_slow_test_count": 0}

Sandbox ready. Read HANDOFF_PROMPT.md and state/PROJECT_STATE.json.
=== binary hash policy ===
HyRec binary-hash policy PASS (/mnt/data/rec_bianchi_pr05b3_v061_work/repo/tests)
=== import-smoke availability ===
NOT_PRESENT_IN_EXACT_AUTHOR_LINEAGE; REMOTE_INTEGRATION_CI_OWNS_THIS_OVERLAY
=== artifact verifier ===
PR-05B3 v0.61 artifact: PASS; scalar typed-history owner swap COMPLETE; PR-05C adaptive short trajectory OPEN
=== quick verifier ===
HyRec binary-hash policy PASS (/mnt/data/rec_bianchi_pr05b3_v061_work/repo/tests)
PR-05B3 v0.61 artifact: PASS; scalar typed-history owner swap COMPLETE; PR-05C adaptive short trajectory OPEN
{"status": "PASS", "bundle_count": 61, "current_artifact": "Full_Bianchi_HyRec_PR05B3_scalar_history_owner_swap_v0_61", "mode": "quick", "scientific_slow_file_count": 0, "scientific_slow_test_count": 0}
=== fast tests ===
........................................................................ [ 40%]
........................................................................ [ 81%]
.................................                                        [100%]
177 passed, 34 deselected in 23.00s
=== targeted PR05B3 ===
=== targeted PR05B3 isolated PASS rerun ===
.........                                                                [100%]
9 passed in 5.32s
===== ALL ISOLATED PASS RERUN =====
HyRec binary-hash policy PASS (/mnt/data/rec_bianchi_pr05b3_v061_work/repo/tests)
PR-05B3 v0.61 artifact: PASS; scalar typed-history owner swap COMPLETE; PR-05C adaptive short trajectory OPEN
........................................................................ [ 40%]
........................................................................ [ 81%]
.................................                                        [100%]
177 passed, 34 deselected in 23.36s
{"status": "PASS", "bundle_count": 61, "current_artifact": "Full_Bianchi_HyRec_PR05B3_scalar_history_owner_swap_v0_61", "mode": "all", "scientific_slow_file_count": 0, "scientific_slow_test_count": 0}
===== SCIENTIFIC ISOLATED PASS RUN =====
HyRec binary-hash policy PASS (/mnt/data/rec_bianchi_pr05b3_v061_work/repo/tests)
PR-05B3 v0.61 artifact: PASS; scalar typed-history owner swap COMPLETE; PR-05C adaptive short trajectory OPEN
.                                                                        [100%]
1 passed in 0.62s
.                                                                        [100%]
1 passed in 0.58s
.                                                                        [100%]
1 passed in 0.95s
.                                                                        [100%]
1 passed in 0.59s
.                                                                        [100%]
1 passed in 13.98s
===== SCIENTIFIC BACKGROUND FRESH PASS =====
HyRec binary-hash policy PASS (/mnt/data/rec_bianchi_pr05b3_v061_work/repo/tests)
PR-05B3 v0.61 artifact: PASS; scalar typed-history owner swap COMPLETE; PR-05C adaptive short trajectory OPEN
.                                                                        [100%]
1 passed in 0.64s
.                                                                        [100%]
1 passed in 0.66s
.                                                                        [100%]
1 passed in 0.94s
.                                                                        [100%]
1 passed in 0.62s
.                                                                        [100%]
1 passed in 14.81s
.                                                                        [100%]
1 passed in 6.29s
.                                                                        [100%]
1 passed in 0.46s
.                                                                        [100%]
1 passed in 4.06s
.                                                                        [100%]
1 passed in 0.13s
.                                                                        [100%]
1 passed in 5.59s
.                                                                        [100%]
1 passed in 13.19s
.                                                                        [100%]
1 passed in 8.92s
.                                                                        [100%]
1 passed in 0.29s
.                                                                        [100%]
1 passed in 0.28s
.                                                                        [100%]
1 passed in 1.11s
.                                                                        [100%]
1 passed in 7.47s
.                                                                        [100%]
1 passed in 12.78s
.                                                                        [100%]
1 passed in 3.62s
.                                                                        [100%]
1 passed in 4.59s
.                                                                        [100%]
1 passed in 0.14s
.                                                                        [100%]
1 passed in 0.61s
.                                                                        [100%]
1 passed in 0.93s
.                                                                        [100%]
1 passed in 1.57s
.                                                                        [100%]
1 passed in 0.73s
.                                                                        [100%]
1 passed in 0.75s
.                                                                        [100%]
1 passed in 1.52s
.                                                                        [100%]
1 passed in 1.19s
.                                                                        [100%]
1 passed in 4.81s
.                                                                        [100%]
1 passed in 0.74s
.                                                                        [100%]
1 passed in 1.23s
.                                                                        [100%]
1 passed in 1.13s
.                                                                        [100%]
1 passed in 1.28s
.                                                                        [100%]
1 passed in 1.00s
.                                                                        [100%]
1 passed in 1.89s
........................................................................ [ 40%]
........................................................................ [ 81%]
.................................                                        [100%]
177 passed, 34 deselected in 21.76s
{"status": "PASS", "bundle_count": 61, "current_artifact": "Full_Bianchi_HyRec_PR05B3_scalar_history_owner_swap_v0_61", "mode": "scientific", "scientific_slow_file_count": 13, "scientific_slow_test_count": 34}
__SCIENTIFIC_EXIT__=0
