PR-05C2C1A/v0.66 final pre-seal verification
Generated UTC: 2026-08-08T09:55:03.723758Z
Pre-seal HEAD: ff8b200a326f665e5f3ae303562fdcdd79da0869
Pre-seal tree: dd4f3dcf11a0e105585f16253ea7bf3f90d73b44

=== completed repository --all run ===
248 passed, 36 deselected in 22.33s
exit 0

=== completed targeted v0.66/recovery run ===
19 passed in 1.85s
exit 0

=== completed py_compile/import smoke ===
190 tracked Python files compiled
50 full_bianchi_hyrec package modules imported
exit 0

=== completed full scientific run ===
HyRec binary-hash policy PASS (/mnt/data/rec_bianchi_v066_repo/tests)
{
  "checks": [
    "committed_feature_range",
    "staged_changes",
    "unstaged_changes"
  ],
  "excluded_evidence_logs": [
    "state/*.log"
  ],
  "failures": {},
  "feature_base": "a728692029eaa4411a60f39772423fb7bcf2816e",
  "head": "ff8b200a326f665e5f3ae303562fdcdd79da0869",
  "repository": "/mnt/data/rec_bianchi_v066_repo",
  "status": "PASS"
}
PASS_PR05C2C1A_DIRECT_NODAL_NETWORK_CHARACTERISTIC_FACE_SOLVER_SELECTED_WITHHELD_VALIDATION_PRECONDITIONER_NOT_SELECTED_MULTI_MACRO_OPEN
[scientific] slow file: tests/recoil/test_full_harmonic_deposition.py
....                                                                     [100%]
4 passed in 1.00s
[scientific] slow file: tests/recoil/test_hyrec_common_measure.py
.                                                                        [100%]
1 passed, 10 deselected in 14.24s
[scientific] slow file: tests/recoil/test_original_hyrec_boundary_instrumentation.py
.                                                                        [100%]
1 passed, 3 deselected in 3.98s
[scientific] slow file: tests/recoil/test_original_hyrec_native.py
.                                                                        [100%]
1 passed, 5 deselected in 0.41s
[scientific] slow file: tests/recoil/test_original_hyrec_physical_flux.py
.                                                                        [100%]
1 passed, 6 deselected in 3.61s
[scientific] slow file: tests/recoil/test_pair_cell_conductance.py
....                                                                     [100%]
4 passed in 26.99s
[scientific] slow file: tests/recoil/test_recoil_bridge.py
...                                                                      [100%]
3 passed in 1.02s
[scientific] slow file: tests/recoil/test_same_cell_regular.py
.....                                                                    [100%]
5 passed in 27.55s
[scientific] slow file: tests/recoil/test_thermal_deposition.py
.....                                                                    [100%]
5 passed in 1.97s
[scientific] slow file: tests/trajectory/test_adaptive_canonical_macro.py
.                                                                        [100%]
1 passed, 7 deselected in 1.27s
[scientific] slow file: tests/trajectory/test_causal_characteristic_history.py
..                                                                       [100%]
2 passed, 4 deselected in 1.91s
[scientific] slow file: tests/trajectory/test_causal_history_instrumentation.py
.                                                                        [100%]
1 passed, 1 deselected in 3.78s
[scientific] slow file: tests/trajectory/test_full_coupled_transport.py
.                                                                        [100%]
1 passed, 16 deselected in 0.43s
[scientific] slow file: tests/trajectory/test_primitive_rates.py
.                                                                        [100%]
1 passed, 4 deselected in 0.66s
[scientific] slow file: tests/trajectory/test_scalar_history_owner_swap.py
.....                                                                    [100%]
5 passed, 3 deselected in 3.89s
[scientific] fast aggregate: -m not slow
........................................................................ [ 29%]
........................................................................ [ 58%]
........................................................................ [ 87%]
................................                                         [100%]
248 passed, 36 deselected in 22.14s
{"status": "PASS", "bundle_count": 66, "current_artifact": "Full_Bianchi_HyRec_PR05C2C1A_direct_compiler_characteristic_v0_66", "mode": "scientific", "scientific_slow_file_count": 15, "scientific_slow_test_count": 36}
