PR-05C2C1B2B1B/v0.71 final pre-seal verification
2026-08-09T13:19:57Z
payload_head=ea32697a10b62c71845754ddaed8d1d146134383
payload_tree=6cce5625a550532ceb530d5e0544078f457ce18f
=== quick ===
HyRec binary-hash policy PASS (/mnt/data/work/rec_bianchi_v070/tests)
{
  "checks": [
    "committed_feature_range",
    "staged_changes",
    "unstaged_changes"
  ],
  "excluded_evidence_logs": [
    "state/*.log"
  ],
  "failures": {},
  "feature_base": "f7d9f6c46a8a9913960375055fff47009a82fbee",
  "head": "ea32697a10b62c71845754ddaed8d1d146134383",
  "repository": "/mnt/data/work/rec_bianchi_v070",
  "status": "PASS"
}
PASS_P0_FALSE_CONVERGENCE_GATE_FIXED_PHYSICAL_RESIDUAL_JVP_CONNECTED_MATRIX_FREE_CONTINUATION_OPEN
{"status": "PASS", "bundle_count": 69, "current_artifact": "Full_Bianchi_HyRec_PR05C2C1B2B1B_physical_acceptance_gate_v0_71", "mode": "quick", "scientific_slow_file_count": 0, "scientific_slow_test_count": 0}
=== all ===
HyRec binary-hash policy PASS (/mnt/data/work/rec_bianchi_v070/tests)
{
  "checks": [
    "committed_feature_range",
    "staged_changes",
    "unstaged_changes"
  ],
  "excluded_evidence_logs": [
    "state/*.log"
  ],
  "failures": {},
  "feature_base": "f7d9f6c46a8a9913960375055fff47009a82fbee",
  "head": "ea32697a10b62c71845754ddaed8d1d146134383",
  "repository": "/mnt/data/work/rec_bianchi_v070",
  "status": "PASS"
}
PASS_P0_FALSE_CONVERGENCE_GATE_FIXED_PHYSICAL_RESIDUAL_JVP_CONNECTED_MATRIX_FREE_CONTINUATION_OPEN
........................................................................ [ 24%]
........................................................................ [ 48%]
........................................................................ [ 72%]
........................................................................ [ 96%]
.........                                                                [100%]
297 passed, 37 deselected in 25.07s
{"status": "PASS", "bundle_count": 69, "current_artifact": "Full_Bianchi_HyRec_PR05C2C1B2B1B_physical_acceptance_gate_v0_71", "mode": "all", "scientific_slow_file_count": 0, "scientific_slow_test_count": 0}
=== targeted ===
.................                                                        [100%]
17 passed in 1.00s
=== scientific ===
HyRec binary-hash policy PASS (/mnt/data/work/rec_bianchi_v070/tests)
{
  "checks": [
    "committed_feature_range",
    "staged_changes",
    "unstaged_changes"
  ],
  "excluded_evidence_logs": [
    "state/*.log"
  ],
  "failures": {},
  "feature_base": "f7d9f6c46a8a9913960375055fff47009a82fbee",
  "head": "ea32697a10b62c71845754ddaed8d1d146134383",
  "repository": "/mnt/data/work/rec_bianchi_v070",
  "status": "PASS"
}
HyRec binary-hash policy PASS (/mnt/data/work/rec_bianchi_v070/tests)
{
  "checks": [
    "committed_feature_range",
    "staged_changes",
    "unstaged_changes"
  ],
  "excluded_evidence_logs": [
    "state/*.log"
  ],
  "failures": {},
  "feature_base": "f7d9f6c46a8a9913960375055fff47009a82fbee",
  "head": "ea32697a10b62c71845754ddaed8d1d146134383",
  "repository": "/mnt/data/work/rec_bianchi_v070",
  "status": "PASS"
}
PASS_P0_FALSE_CONVERGENCE_GATE_FIXED_PHYSICAL_RESIDUAL_JVP_CONNECTED_MATRIX_FREE_CONTINUATION_OPEN
[scientific] receipt PASS: tests/recoil/test_full_harmonic_deposition.py
[scientific] receipt PASS: tests/recoil/test_hyrec_common_measure.py
[scientific] receipt PASS: tests/recoil/test_original_hyrec_boundary_instrumentation.py
[scientific] receipt PASS: tests/recoil/test_original_hyrec_native.py
[scientific] receipt PASS: tests/recoil/test_original_hyrec_physical_flux.py
[scientific] receipt PASS: tests/recoil/test_pair_cell_conductance.py
[scientific] receipt PASS: tests/recoil/test_recoil_bridge.py
[scientific] receipt PASS: tests/recoil/test_same_cell_regular.py
[scientific] receipt PASS: tests/recoil/test_thermal_deposition.py
[scientific] receipt PASS: tests/trajectory/test_adaptive_canonical_macro.py
[scientific] receipt PASS: tests/trajectory/test_causal_characteristic_history.py
[scientific] receipt PASS: tests/trajectory/test_causal_history_instrumentation.py
[scientific] receipt PASS: tests/trajectory/test_full_coupled_transport.py
[scientific] receipt PASS: tests/trajectory/test_hyrec_two_photon_raman.py
[scientific] receipt PASS: tests/trajectory/test_primitive_rates.py
[scientific] receipt PASS: tests/trajectory/test_scalar_history_owner_swap.py
[scientific] fast aggregate: -m not slow
........................................................................ [ 24%]
........................................................................ [ 48%]
........................................................................ [ 72%]
........................................................................ [ 96%]
.........                                                                [100%]
297 passed, 37 deselected in 24.22s
{"status": "PASS", "bundle_count": 69, "current_artifact": "Full_Bianchi_HyRec_PR05C2C1B2B1B_physical_acceptance_gate_v0_71", "mode": "scientific", "scientific_slow_file_count": 16, "scientific_slow_test_count": 37}
=== py_compile/import (fresh after scientific) ===
py_compile_files=167
package_modules=54
=== git (fresh after scientific) ===
?? state/PR05C2C1B2B1B_FINAL_VERIFICATION.log
