HyRec binary-hash policy PASS (/mnt/data/rec_bianchi_v062_recovery/repo/tests)
{
  "checks": [
    "committed_feature_range",
    "staged_changes",
    "unstaged_changes"
  ],
  "excluded_evidence_logs": [
    "state/*.log"
  ],
  "failures": {},
  "feature_base": "8a3b6452042615bc8900d65250e4bce0712706c7",
  "head": "4f14725e5f89b4eb0fbe18fa9e1884e0702ead3d",
  "repository": "/mnt/data/rec_bianchi_v062_recovery/repo",
  "status": "PASS"
}
PR-05C1 v0.62 artifact: PASS; adaptive canonical-macro controller COMPLETE; PR-05C2 full coupling OPEN
.                                                                        [100%]
1 passed in 1.21s
.                                                                        [100%]
1 passed in 1.12s
.                                                                        [100%]
1 passed in 1.55s
.                                                                        [100%]
1 passed in 0.95s
.                                                                        [100%]
1 passed in 19.69s
.                                                                        [100%]
1 passed in 6.78s
.                                                                        [100%]
1 passed in 0.76s
.                                                                        [100%]
1 passed in 6.73s
.                                                                        [100%]
1 passed in 0.20s
.                                                                        [100%]
1 passed in 8.50s
.                                                                        [100%]
1 passed in 18.39s
.                                                                        [100%]
1 passed in 11.98s
.                                                                        [100%]
1 passed in 0.54s
.                                                                        [100%]
1 passed in 0.54s
.                                                                        [100%]
1 passed in 1.81s
.                                                                        [100%]
1 passed in 11.57s
.                                                                        [100%]
1 passed in 16.20s
.                                                                        [100%]
1 passed in 4.41s
.                                                                        [100%]
1 passed in 6.07s
.                                                                        [100%]
1 passed in 0.20s
.                                                                        [100%]
1 passed in 0.91s
.                                                                        [100%]
1 passed in 1.65s
.                                                                        [100%]
1 passed in 2.56s
.                                                                        [100%]
1 passed in 1.27s
.                                                                        [100%]
1 passed in 1.27s
.                                                                        [100%]
1 passed in 4.50s
.                                                                        [100%]
1 passed in 5.02s
.                                                                        [100%]
1 passed in 1.77s
.                                                                        [100%]
1 passed in 6.73s
.                                                                        [100%]
1 passed in 1.39s
.                                                                        [100%]
1 passed in 3.86s
.                                                                        [100%]
1 passed in 2.53s
.                                                                        [100%]
1 passed in 2.55s
.                                                                        [100%]
1 passed in 1.96s
.                                                                        [100%]
1 passed in 6.04s
........................................................................ [ 37%]
........................................................................ [ 75%]
..............................................                           [100%]
190 passed, 35 deselected in 33.90s
{"status": "PASS", "bundle_count": 62, "current_artifact": "Full_Bianchi_HyRec_PR05C1_adaptive_canonical_macro_v0_62", "mode": "scientific", "scientific_slow_file_count": 14, "scientific_slow_test_count": 35}
