===== quick_targeted.log =====
=== quick ===
HyRec binary-hash policy PASS (/mnt/data/rec_bianchi_v069_repo/tests)
{
  "checks": [
    "committed_feature_range",
    "staged_changes",
    "unstaged_changes"
  ],
  "excluded_evidence_logs": [
    "state/*.log"
  ],
  "failures": {},
  "feature_base": "f7d9f6c46a8a9913960375055fff47009a82fbee",
  "head": "c23724467fa3b401175c41295beb557f02d21d08",
  "repository": "/mnt/data/rec_bianchi_v069_repo",
  "status": "PASS"
}
PASS_BOUNDED_NO_GO_V064_RECORDED_MACRO_ENDPOINTS_INCONSISTENT_WITH_DURABLE_BACKWARD_EULER_OPERATOR_CONTINUATION_SOLVER_REQUIRED
{"status": "PASS", "bundle_count": 68, "current_artifact": "Full_Bianchi_HyRec_PR05C2C1B2B0_macro_evidence_integrity_v0_69", "mode": "quick", "scientific_slow_file_count": 0, "scientific_slow_test_count": 0}
=== targeted ===
......                                                                   [100%]
6 passed in 2.56s

===== fast_recoil.log =====
........................................................................ [ 56%]
.......................................................                  [100%]
127 passed, 25 deselected in 27.51s

===== fast_trajectory.log =====
........................................................................ [ 63%]
.........................................                                [100%]
113 passed, 12 deselected in 20.08s

===== fast_root.log =====
....................                                                     [100%]
20 passed in 9.91s

===== fast_background.log =====
...........                                                              [100%]
11 passed in 0.05s

===== fast_theory.log =====
.........                                                                [100%]
9 passed in 1.46s

===== slow_receipt_validation.log =====
{
  "all_valid": true,
  "fingerprint": "d7102faa483c9da012a887078ce9874f5d663b645752deee1803f4cc9291e31e",
  "rows": [
    {
      "file": "tests/recoil/test_full_harmonic_deposition.py",
      "node_count": 4,
      "valid": true
    },
    {
      "file": "tests/recoil/test_hyrec_common_measure.py",
      "node_count": 1,
      "valid": true
    },
    {
      "file": "tests/recoil/test_original_hyrec_boundary_instrumentation.py",
      "node_count": 1,
      "valid": true
    },
    {
      "file": "tests/recoil/test_original_hyrec_native.py",
      "node_count": 1,
      "valid": true
    },
    {
      "file": "tests/recoil/test_original_hyrec_physical_flux.py",
      "node_count": 1,
      "valid": true
    },
    {
      "file": "tests/recoil/test_pair_cell_conductance.py",
      "node_count": 4,
      "valid": true
    },
    {
      "file": "tests/recoil/test_recoil_bridge.py",
      "node_count": 3,
      "valid": true
    },
    {
      "file": "tests/recoil/test_same_cell_regular.py",
      "node_count": 5,
      "valid": true
    },
    {
      "file": "tests/recoil/test_thermal_deposition.py",
      "node_count": 5,
      "valid": true
    },
    {
      "file": "tests/trajectory/test_adaptive_canonical_macro.py",
      "node_count": 1,
      "valid": true
    },
    {
      "file": "tests/trajectory/test_causal_characteristic_history.py",
      "node_count": 2,
      "valid": true
    },
    {
      "file": "tests/trajectory/test_causal_history_instrumentation.py",
      "node_count": 1,
      "valid": true
    },
    {
      "file": "tests/trajectory/test_full_coupled_transport.py",
      "node_count": 1,
      "valid": true
    },
    {
      "file": "tests/trajectory/test_hyrec_two_photon_raman.py",
      "node_count": 1,
      "valid": true
    },
    {
      "file": "tests/trajectory/test_primitive_rates.py",
      "node_count": 1,
      "valid": true
    },
    {
      "file": "tests/trajectory/test_scalar_history_owner_swap.py",
      "node_count": 5,
      "valid": true
    }
  ],
  "slow_file_count": 16,
  "slow_test_count": 37
}

===== pycompile_import.log =====
compiled_python_files=161
imported_package_modules=52

===== artifact_verifier.log =====
PASS_BOUNDED_NO_GO_V064_RECORDED_MACRO_ENDPOINTS_INCONSISTENT_WITH_DURABLE_BACKWARD_EULER_OPERATOR_CONTINUATION_SOLVER_REQUIRED

===== aggregate wrapper disclosure =====
The single-process repository --all and scientific aggregate commands did not complete within the sandbox execution budget. No assertion failure was observed. Load-bearing coverage is 280 fast tests in five fresh exit-zero invocations plus 37 fingerprint-bound slow tests across 16 files.
