===== CORE =====
=== offline bootstrap ===
offline recovery: using dependency-complete base interpreter python3
dependency check: PASS (numpy=2.3.5, scipy=1.17.0, pytest=9.0.2)
HyRec binary-hash policy PASS (/mnt/data/rec_bianchi_pr05b2_v060_work/repo/tests)
PR-05B2 v0.60 artifact: PASS; causal characteristic history COMPLETE; PR-05B3 ownership swap OPEN
{"status": "PASS", "bundle_count": 60, "current_artifact": "Full_Bianchi_HyRec_PR05B2_causal_characteristic_history_v0_60", "mode": "quick", "scientific_slow_file_count": 0, "scientific_slow_test_count": 0}

Sandbox ready. Read HANDOFF_PROMPT.md and state/PROJECT_STATE.json.
=== binary hash policy ===
HyRec binary-hash policy PASS (/mnt/data/rec_bianchi_pr05b2_v060_work/repo/tests)
=== artifact verifier ===
PR-05B2 v0.60 artifact: PASS; causal characteristic history COMPLETE; PR-05B3 ownership swap OPEN
=== quick verifier ===
HyRec binary-hash policy PASS (/mnt/data/rec_bianchi_pr05b2_v060_work/repo/tests)
PR-05B2 v0.60 artifact: PASS; causal characteristic history COMPLETE; PR-05B3 ownership swap OPEN
{"status": "PASS", "bundle_count": 60, "current_artifact": "Full_Bianchi_HyRec_PR05B2_causal_characteristic_history_v0_60", "mode": "quick", "scientific_slow_file_count": 0, "scientific_slow_test_count": 0}
=== fast tests ===
........................................................................ [ 41%]
........................................................................ [ 83%]
.............................                                            [100%]
173 passed, 29 deselected in 19.10s
=== targeted PR05B2 ===
........                                                                 [100%]
8 passed in 5.54s
===== ALL =====
HyRec binary-hash policy PASS (/mnt/data/rec_bianchi_pr05b2_v060_work/repo/tests)
PR-05B2 v0.60 artifact: PASS; causal characteristic history COMPLETE; PR-05B3 ownership swap OPEN
........................................................................ [ 41%]
........................................................................ [ 83%]
.............................                                            [100%]
173 passed, 29 deselected in 19.20s
{"status": "PASS", "bundle_count": 60, "current_artifact": "Full_Bianchi_HyRec_PR05B2_causal_characteristic_history_v0_60", "mode": "all", "scientific_slow_file_count": 0, "scientific_slow_test_count": 0}
===== SCIENTIFIC_FOREGROUND_TIMEOUT_NOT_PASS =====
HyRec binary-hash policy PASS (/mnt/data/rec_bianchi_pr05b2_v060_work/repo/tests)
PR-05B2 v0.60 artifact: PASS; causal characteristic history COMPLETE; PR-05B3 ownership swap OPEN
.                                                                        [100%]
1 passed in 0.59s
.                                                                        [100%]
1 passed in 0.52s
.                                                                        [100%]
1 passed in 0.86s
.                                                                        [100%]
1 passed in 0.60s
.                                                                        [100%]
1 passed in 14.82s
===== SCIENTIFIC_BACKGROUND_PASS =====
HyRec binary-hash policy PASS (/mnt/data/rec_bianchi_pr05b2_v060_work/repo/tests)
PR-05B2 v0.60 artifact: PASS; causal characteristic history COMPLETE; PR-05B3 ownership swap OPEN
.                                                                        [100%]
1 passed in 0.54s
.                                                                        [100%]
1 passed in 0.54s
.                                                                        [100%]
1 passed in 0.88s
.                                                                        [100%]
1 passed in 0.53s
.                                                                        [100%]
1 passed in 14.91s
.                                                                        [100%]
1 passed in 3.78s
.                                                                        [100%]
1 passed in 0.40s
.                                                                        [100%]
1 passed in 3.66s
.                                                                        [100%]
1 passed in 0.11s
.                                                                        [100%]
1 passed in 5.56s
.                                                                        [100%]
1 passed in 13.47s
.                                                                        [100%]
1 passed in 8.17s
.                                                                        [100%]
1 passed in 0.25s
.                                                                        [100%]
1 passed in 0.26s
.                                                                        [100%]
1 passed in 0.99s
.                                                                        [100%]
1 passed in 8.14s
.                                                                        [100%]
1 passed in 12.04s
.                                                                        [100%]
1 passed in 3.33s
.                                                                        [100%]
1 passed in 4.28s
.                                                                        [100%]
1 passed in 0.11s
.                                                                        [100%]
1 passed in 0.53s
.                                                                        [100%]
1 passed in 0.80s
.                                                                        [100%]
1 passed in 1.44s
.                                                                        [100%]
1 passed in 0.64s
.                                                                        [100%]
1 passed in 0.62s
.                                                                        [100%]
1 passed in 1.42s
.                                                                        [100%]
1 passed in 0.93s
.                                                                        [100%]
1 passed in 3.75s
.                                                                        [100%]
1 passed in 0.61s
........................................................................ [ 41%]
........................................................................ [ 83%]
.............................                                            [100%]
173 passed, 29 deselected in 19.64s
{"status": "PASS", "bundle_count": 60, "current_artifact": "Full_Bianchi_HyRec_PR05B2_causal_characteristic_history_v0_60", "mode": "scientific", "scientific_slow_file_count": 12, "scientific_slow_test_count": 29}
===== GIT_FSCK =====

