=== CORE ===
=== HEAD/TREE ===
d851e11f6ddb8bd6f3f7e4d05e873e70859cc1d4
d10e12337762cee66fb1a123b2cedf871314d84f
=== bootstrap ===
offline recovery: using dependency-complete base interpreter python3
dependency check: PASS (numpy=2.3.5, scipy=1.17.0, pytest=9.0.2)
HyRec binary-hash policy PASS (/mnt/data/v064_rebuild_repo/tests)
{
  "checks": [
    "committed_feature_range",
    "staged_changes",
    "unstaged_changes"
  ],
  "excluded_evidence_logs": [
    "state/*.log"
  ],
  "failures": {},
  "feature_base": "5ca2771fb23263a35e96510c28b32b3d5ffca149",
  "head": "d851e11f6ddb8bd6f3f7e4d05e873e70859cc1d4",
  "repository": "/mnt/data/v064_rebuild_repo",
  "status": "PASS"
}
PASS_EXPLICIT_CLOSURE_WITH_UNCERTAINTY_OPTIMIZED_CANONICAL_MACRO_REFERENCE_PR05C2C_NEXT
{"status": "PASS", "bundle_count": 64, "current_artifact": "Full_Bianchi_HyRec_PR05C2B_explicit_closure_optimized_macro_v0_64", "mode": "quick", "scientific_slow_file_count": 0, "scientific_slow_test_count": 0}

Sandbox ready. Read HANDOFF_PROMPT.md and state/PROJECT_STATE.json.
=== binary hash policy ===
HyRec binary-hash policy PASS (/mnt/data/v064_rebuild_repo/tests)
=== commit range whitespace ===
{
  "checks": [
    "committed_feature_range",
    "staged_changes",
    "unstaged_changes"
  ],
  "excluded_evidence_logs": [
    "state/*.log"
  ],
  "failures": {},
  "feature_base": "5ca2771fb23263a35e96510c28b32b3d5ffca149",
  "head": "d851e11f6ddb8bd6f3f7e4d05e873e70859cc1d4",
  "repository": "/mnt/data/v064_rebuild_repo",
  "status": "PASS"
}
=== imports ===
SKIP_AUTHOR_LINEAGE_SCRIPT_ABSENT
=== quick ===
HyRec binary-hash policy PASS (/mnt/data/v064_rebuild_repo/tests)
{
  "checks": [
    "committed_feature_range",
    "staged_changes",
    "unstaged_changes"
  ],
  "excluded_evidence_logs": [
    "state/*.log"
  ],
  "failures": {},
  "feature_base": "5ca2771fb23263a35e96510c28b32b3d5ffca149",
  "head": "d851e11f6ddb8bd6f3f7e4d05e873e70859cc1d4",
  "repository": "/mnt/data/v064_rebuild_repo",
  "status": "PASS"
}
PASS_EXPLICIT_CLOSURE_WITH_UNCERTAINTY_OPTIMIZED_CANONICAL_MACRO_REFERENCE_PR05C2C_NEXT
{"status": "PASS", "bundle_count": 64, "current_artifact": "Full_Bianchi_HyRec_PR05C2B_explicit_closure_optimized_macro_v0_64", "mode": "quick", "scientific_slow_file_count": 0, "scientific_slow_test_count": 0}
=== targeted ===
..................                                                       [100%]
18 passed in 1.01s
CORE_EXIT=0

=== ALL ===
HyRec binary-hash policy PASS (/mnt/data/v064_rebuild_repo/tests)
{
  "checks": [
    "committed_feature_range",
    "staged_changes",
    "unstaged_changes"
  ],
  "excluded_evidence_logs": [
    "state/*.log"
  ],
  "failures": {},
  "feature_base": "5ca2771fb23263a35e96510c28b32b3d5ffca149",
  "head": "d851e11f6ddb8bd6f3f7e4d05e873e70859cc1d4",
  "repository": "/mnt/data/v064_rebuild_repo",
  "status": "PASS"
}
PASS_EXPLICIT_CLOSURE_WITH_UNCERTAINTY_OPTIMIZED_CANONICAL_MACRO_REFERENCE_PR05C2C_NEXT
........................................................................ [ 32%]
........................................................................ [ 64%]
........................................................................ [ 96%]
........                                                                 [100%]
224 passed, 36 deselected in 19.79s
{"status": "PASS", "bundle_count": 64, "current_artifact": "Full_Bianchi_HyRec_PR05C2B_explicit_closure_optimized_macro_v0_64", "mode": "all", "scientific_slow_file_count": 0, "scientific_slow_test_count": 0}
ALL_EXIT=0 ELAPSED=30s

=== SCIENTIFIC ===
HyRec binary-hash policy PASS (/mnt/data/v064_rebuild_repo/tests)
{
  "checks": [
    "committed_feature_range",
    "staged_changes",
    "unstaged_changes"
  ],
  "excluded_evidence_logs": [
    "state/*.log"
  ],
  "failures": {},
  "feature_base": "5ca2771fb23263a35e96510c28b32b3d5ffca149",
  "head": "d851e11f6ddb8bd6f3f7e4d05e873e70859cc1d4",
  "repository": "/mnt/data/v064_rebuild_repo",
  "status": "PASS"
}
PASS_EXPLICIT_CLOSURE_WITH_UNCERTAINTY_OPTIMIZED_CANONICAL_MACRO_REFERENCE_PR05C2C_NEXT
[scientific] receipt PASS: tests/recoil/test_full_harmonic_deposition.py
[scientific] receipt PASS: tests/recoil/test_hyrec_common_measure.py
[scientific] receipt PASS: tests/recoil/test_original_hyrec_boundary_instrumentation.py
[scientific] receipt PASS: tests/recoil/test_original_hyrec_native.py
[scientific] receipt PASS: tests/recoil/test_original_hyrec_physical_flux.py
[scientific] receipt PASS: tests/recoil/test_pair_cell_conductance.py
[scientific] receipt PASS: tests/recoil/test_recoil_bridge.py
[scientific] receipt PASS: tests/recoil/test_same_cell_regular.py
[scientific] receipt PASS: tests/recoil/test_thermal_deposition.py
[scientific] receipt PASS: tests/trajectory/test_adaptive_canonical_macro.py
[scientific] receipt PASS: tests/trajectory/test_causal_characteristic_history.py
[scientific] receipt PASS: tests/trajectory/test_causal_history_instrumentation.py
[scientific] receipt PASS: tests/trajectory/test_full_coupled_transport.py
[scientific] receipt PASS: tests/trajectory/test_primitive_rates.py
[scientific] receipt PASS: tests/trajectory/test_scalar_history_owner_swap.py
[scientific] fast aggregate: -m not slow
........................................................................ [ 32%]
........................................................................ [ 64%]
........................................................................ [ 96%]
........                                                                 [100%]
224 passed, 36 deselected in 19.33s
{"status": "PASS", "bundle_count": 64, "current_artifact": "Full_Bianchi_HyRec_PR05C2B_explicit_closure_optimized_macro_v0_64", "mode": "scientific", "scientific_slow_file_count": 15, "scientific_slow_test_count": 36}
SCIENTIFIC_EXIT=0 ELAPSED=24s

=== PYCOMPILE ===
PY_COMPILE_PASS=173

=== GIT_FSCK ===
GIT_FSCK_EXIT=0

=== DIFF_CHECK ===
DIFF_CHECK_EXIT=0
