{
  "status": "PASS_STATIC_AND_FIXTURE_INTEGRITY_ONLY",
  "protected_parent_files": 83,
  "source_members": 10,
  "frozen_reference_files": 15,
  "source_input_records": 251,
  "numeric_reference_components": 3027,
  "wire_records_checked": 251,
  "wire_bytes": 48604,
  "python_ast_files": [
    "scripts/check_rust_forward_parity.py",
    "tests/fixtures/rust_forward/reference_v2.py",
    "tests/fixtures/rust_forward/input_wire_v2.py",
    "tests/fixtures/rust_forward/test_harness_task6.py"
  ],
  "rust_test_functions_unchanged": 70,
  "rust_compiler_invoked": false,
  "git_mutation": false,
  "production_kernel_changes": 0,
  "overlay_files": 118
}
