[
{
"schema":"P02B-FLRW-ENDPOINT-v1",
"cosmology":{"T0_K":2.7280000000000002,"obh2":0.021975999999999999,"omh2":0.13,"okh2":0,"odeh2":0.34300000000000003,"w0":-1,"wa":0,"Y":0.23999999999999999,"Nnueff":3.04,"fsR":1,"meR":1},
"grid":{"DLNA":8.4900000000000004e-05,"ln_a_start":-8.9873218128501247,"nz":105859,"nzrt":10961,"interpolation_center":69997},
"endpoint":{"z":20,"a":0.047619047619047616,"ln_a":-3.044522437723423,"Tgamma_K":57.288000000000004,"Tm_K":9.3968800316860168,"nH_m3":1736.048424380783,"nHe_m3":138.03894675994147,"fHe":0.079513304364869586,"H_s1":1.1284395515272281e-16,"xe_per_H":0.00020458829900772652,"ne_m3":0.35517519413910814,"xHII":0.00020458829900772652,"xHI":0.99979541170099229,"xHeI":1,"xHeII":0,"xHeIII":0},
"helium_mapping":"neutral-after-original-HyRec-cutoff",
"native_history_domain_check":"PASS",
"support":[{"index":69996,"ln_a":-3.0446614128501244,"z":20.002918680468024,"xe_per_H":0.00020459170874226817,"Tm_K":9.3994330768381289},{"index":69997,"ln_a":-3.0445765128501243,"z":20.001135608364535,"xe_per_H":0.00020458962570729625,"Tm_K":9.397873338821956},{"index":69998,"ln_a":-3.0444916128501243,"z":19.99935268763744,"xe_per_H":0.00020458754275336024,"Tm_K":9.3963138551023118},{"index":69999,"ln_a":-3.0444067128501242,"z":19.997569918273886,"xe_per_H":0.00020458545988045492,"Tm_K":9.39475462563904}]
}
,
{
"schema":"P02B-FLRW-ENDPOINT-v1",
"cosmology":{"T0_K":2.7280000000000002,"obh2":0.021975999999999999,"omh2":0.13,"okh2":0,"odeh2":0.34300000000000003,"w0":-1,"wa":0,"Y":0.23999999999999999,"Nnueff":3.04,"fsR":1,"meR":1},
"grid":{"DLNA":8.4900000000000004e-05,"ln_a_start":-8.9873218128501247,"nz":105859,"nzrt":10961,"interpolation_center":72556},
"endpoint":{"z":15.9,"a":0.059171597633136098,"ln_a":-2.827313621929028,"Tgamma_K":46.103200000000001,"Tm_K":6.1372318403720012,"nH_m3":904.82390230396061,"nHe_m3":71.945538340503845,"fHe":0.079513304364869586,"H_s1":8.1423619019830971e-17,"xe_per_H":0.00019954013001826298,"ne_m3":0.18054867910936437,"xHII":0.00019954013001826298,"xHI":0.99980045986998178,"xHeI":1,"xHeII":0,"xHeIII":0},
"helium_mapping":"neutral-after-original-HyRec-cutoff",
"native_history_domain_check":"PASS",
"support":[{"index":72555,"ln_a":-2.8274023128501247,"z":15.901498943036874,"xe_per_H":0.0001995417256624537,"Tm_K":6.1383027028753352},{"index":72556,"ln_a":-2.8273174128501246,"z":15.900064066687971,"xe_per_H":0.00019954019821966557,"Tm_K":6.1372776085345917},{"index":72557,"ln_a":-2.8272325128501246,"z":15.898629312154902,"xe_per_H":0.00019953867083546251,"Tm_K":6.1362526832467781},{"index":72558,"ln_a":-2.8271476128501245,"z":15.897194679427319,"xe_per_H":0.00019953714350984145,"Tm_K":6.1352279269846335}]
}
]
