hydrogen.c: In function ‘read_rates’:
hydrogen.c:123:12: warning: ignoring return value of ‘fscanf’ declared with attribute ‘warn_unused_result’ [-Wunused-result]
  123 |            fscanf(fA, "%le", &(rate_table->logAlpha_tab[l][j][i]));
      |            ^~~~~~~~~~~~~~~~~~~~~~~~~~~~~~~~~~~~~~~~~~~~~~~~~~~~~~~
hydrogen.c:126:7: warning: ignoring return value of ‘fscanf’ declared with attribute ‘warn_unused_result’ [-Wunused-result]
  126 |       fscanf(fR, "%le", &(rate_table->logR2p2s_tab[i]));
      |       ^~~~~~~~~~~~~~~~~~~~~~~~~~~~~~~~~~~~~~~~~~~~~~~~~
hydrogen.c: In function ‘read_twog_params’:
hydrogen.c:279:7: warning: ignoring return value of ‘fscanf’ declared with attribute ‘warn_unused_result’ [-Wunused-result]
  279 |       fscanf(fA, "%le", &(twog->Eb_tab[b]));
      |       ^~~~~~~~~~~~~~~~~~~~~~~~~~~~~~~~~~~~~
hydrogen.c:280:7: warning: ignoring return value of ‘fscanf’ declared with attribute ‘warn_unused_result’ [-Wunused-result]
  280 |       fscanf(fA, "%le", &(twog->A1s_tab[b]));
      |       ^~~~~~~~~~~~~~~~~~~~~~~~~~~~~~~~~~~~~~
hydrogen.c:281:7: warning: ignoring return value of ‘fscanf’ declared with attribute ‘warn_unused_result’ [-Wunused-result]
  281 |       fscanf(fA, "%le", &(twog->A2s_tab[b]));
      |       ^~~~~~~~~~~~~~~~~~~~~~~~~~~~~~~~~~~~~~
hydrogen.c:282:7: warning: ignoring return value of ‘fscanf’ declared with attribute ‘warn_unused_result’ [-Wunused-result]
  282 |       fscanf(fA, "%le", &(twog->A3s3d_tab[b]));
      |       ^~~~~~~~~~~~~~~~~~~~~~~~~~~~~~~~~~~~~~~~
hydrogen.c:283:7: warning: ignoring return value of ‘fscanf’ declared with attribute ‘warn_unused_result’ [-Wunused-result]
  283 |       fscanf(fA, "%le", &(twog->A4s4d_tab[b]));
      |       ^~~~~~~~~~~~~~~~~~~~~~~~~~~~~~~~~~~~~~~~
history.c: In function ‘rec_get_cosmoparam’:
history.c:216:5: warning: ignoring return value of ‘fscanf’ declared with attribute ‘warn_unused_result’ [-Wunused-result]
  216 |     fscanf(fin, "%lg", &(param->T0));
      |     ^~~~~~~~~~~~~~~~~~~~~~~~~~~~~~~~
history.c:218:5: warning: ignoring return value of ‘fscanf’ declared with attribute ‘warn_unused_result’ [-Wunused-result]
  218 |     fscanf(fin, "%lg", &(param->obh2));
      |     ^~~~~~~~~~~~~~~~~~~~~~~~~~~~~~~~~~
history.c:220:5: warning: ignoring return value of ‘fscanf’ declared with attribute ‘warn_unused_result’ [-Wunused-result]
  220 |     fscanf(fin, "%lg", &(param->omh2));
      |     ^~~~~~~~~~~~~~~~~~~~~~~~~~~~~~~~~~
history.c:222:5: warning: ignoring return value of ‘fscanf’ declared with attribute ‘warn_unused_result’ [-Wunused-result]
  222 |     fscanf(fin, "%lg", &(param->okh2));
      |     ^~~~~~~~~~~~~~~~~~~~~~~~~~~~~~~~~~
history.c:224:5: warning: ignoring return value of ‘fscanf’ declared with attribute ‘warn_unused_result’ [-Wunused-result]
  224 |     fscanf(fin, "%lg", &(param->odeh2));
      |     ^~~~~~~~~~~~~~~~~~~~~~~~~~~~~~~~~~~
history.c:226:5: warning: ignoring return value of ‘fscanf’ declared with attribute ‘warn_unused_result’ [-Wunused-result]
  226 |     fscanf(fin, "%lg %lg", &(param->w0), &(param->wa));
      |     ^~~~~~~~~~~~~~~~~~~~~~~~~~~~~~~~~~~~~~~~~~~~~~~~~~
history.c:228:5: warning: ignoring return value of ‘fscanf’ declared with attribute ‘warn_unused_result’ [-Wunused-result]
  228 |     fscanf(fin, "%lg", &(param->Y));
      |     ^~~~~~~~~~~~~~~~~~~~~~~~~~~~~~~
history.c:230:5: warning: ignoring return value of ‘fscanf’ declared with attribute ‘warn_unused_result’ [-Wunused-result]
  230 |     fscanf(fin, "%lg", &(param->Nnueff));
      |     ^~~~~~~~~~~~~~~~~~~~~~~~~~~~~~~~~~~~
