[
{
"schema":"P02B-FLRW-ENDPOINT-v1",
"cosmology":{"T0_K":2.7280000000000002,"obh2":0.021975999999999999,"omh2":0.13,"okh2":0,"odeh2":0.34300000000000003,"w0":-1,"wa":0,"Y":0.23999999999999999,"Nnueff":3.04,"fsR":1,"meR":1},
"grid":{"DLNA":4.2450000000000002e-05,"ln_a_start":-8.9873218128501247,"nz":211717,"nzrt":21921,"interpolation_center":139995},
"endpoint":{"z":20,"a":0.047619047619047616,"ln_a":-3.044522437723423,"Tgamma_K":57.288000000000004,"Tm_K":9.3968790871822598,"nH_m3":1736.048424380783,"nHe_m3":138.03894675994147,"fHe":0.079513304364869586,"H_s1":1.1284395515272281e-16,"xe_per_H":0.00020458826289804899,"ne_m3":0.35517513145095936,"xHII":0.00020458826289804899,"xHI":0.99979541173710196,"xHeI":1,"xHeII":0,"xHeIII":0},
"helium_mapping":"neutral-after-original-HyRec-cutoff",
"native_history_domain_check":"PASS",
"support":[{"index":139994,"ln_a":-3.0445765128501243,"z":20.001135608364535,"xe_per_H":0.0002045895895972486,"Tm_K":9.3978723942324436},{"index":139995,"ln_a":-3.0445340628501247,"z":20.00024412907975,"xe_per_H":0.000204588548110442,"Tm_K":9.3970926206553838},{"index":139996,"ln_a":-3.0444916128501243,"z":19.99935268763744,"xe_per_H":0.00020458750664389372,"Tm_K":9.396312910647433},{"index":139997,"ln_a":-3.0444491628501247,"z":19.998461284036033,"xe_per_H":0.0002045864651976031,"Tm_K":9.3955332642035696}]
}
,
{
"schema":"P02B-FLRW-ENDPOINT-v1",
"cosmology":{"T0_K":2.7280000000000002,"obh2":0.021975999999999999,"omh2":0.13,"okh2":0,"odeh2":0.34300000000000003,"w0":-1,"wa":0,"Y":0.23999999999999999,"Nnueff":3.04,"fsR":1,"meR":1},
"grid":{"DLNA":4.2450000000000002e-05,"ln_a_start":-8.9873218128501247,"nz":211717,"nzrt":21921,"interpolation_center":145112},
"endpoint":{"z":15.9,"a":0.059171597633136098,"ln_a":-2.827313621929028,"Tgamma_K":46.103200000000001,"Tm_K":6.1372311858930955,"nH_m3":904.82390230396061,"nHe_m3":71.945538340503845,"fHe":0.079513304364869586,"H_s1":8.1423619019830971e-17,"xe_per_H":0.00019954000421506553,"ne_m3":0.18054856527962435,"xHII":0.00019954000421506553,"xHI":0.99980045999578493,"xHeI":1,"xHeII":0,"xHeIII":0},
"helium_mapping":"neutral-after-original-HyRec-cutoff",
"native_history_domain_check":"PASS",
"support":[{"index":145111,"ln_a":-2.8273598628501242,"z":15.900781489634792,"xe_per_H":0.00019954083612954608,"Tm_K":6.1377894800453543},{"index":145112,"ln_a":-2.8273174128501246,"z":15.900064066687971,"xe_per_H":0.00019954007241638677,"Tm_K":6.1372769540518028},{"index":145113,"ln_a":-2.8272749628501241,"z":15.899346674195098,"xe_per_H":0.00019953930871787371,"Tm_K":6.1367644703214816},{"index":145114,"ln_a":-2.8272325128501246,"z":15.898629312154902,"xe_per_H":0.00019953854503400651,"Tm_K":6.1362520288509828}]
}
]
