=== RED 1: production module absent ===

==================================== ERRORS ====================================
_______ ERROR collecting tests/trajectory/test_hyrec_two_photon_raman.py _______
ImportError while importing test module '/mnt/data/rec_bianchi_v068_recovery/tests/trajectory/test_hyrec_two_photon_raman.py'.
Hint: make sure your test modules/packages have valid Python names.
Traceback:
/usr/lib/python3.13/importlib/__init__.py:88: in import_module
    return _bootstrap._gcd_import(name[level:], package, level)
           ^^^^^^^^^^^^^^^^^^^^^^^^^^^^^^^^^^^^^^^^^^^^^^^^^^^^
tests/trajectory/test_hyrec_two_photon_raman.py:10: in <module>
    from full_bianchi_hyrec.trajectory.hyrec_two_photon_raman import (
E   ModuleNotFoundError: No module named 'full_bianchi_hyrec.trajectory.hyrec_two_photon_raman'
=========================== short test summary info ============================
ERROR tests/trajectory/test_hyrec_two_photon_raman.py
!!!!!!!!!!!!!!!!!!!!!!!!!! stopping after 1 failures !!!!!!!!!!!!!!!!!!!!!!!!!!!
!!!!!!!!!!!!!!!!!!!! Interrupted: 1 error during collection !!!!!!!!!!!!!!!!!!!!
1 error in 0.45s
exit=2

=== RED 2: immutable artifact absent ===
F
=================================== FAILURES ===================================
___________ test_pr05c2c1b2a_artifact_is_durable_and_self_verifying ____________

    def test_pr05c2c1b2a_artifact_is_durable_and_self_verifying():
>       assert EXPANDED.is_dir()
E       AssertionError: assert False
E        +  where False = is_dir()
E        +    where is_dir = PosixPath('/mnt/data/rec_bianchi_v068_recovery/archive/expanded/Full_Bianchi_HyRec_PR05C2C1B2A_two_photon_raman_source_v0_68').is_dir

tests/trajectory/test_pr05c2c1b2a_artifact.py:16: AssertionError
=========================== short test summary info ============================
FAILED tests/trajectory/test_pr05c2c1b2a_artifact.py::test_pr05c2c1b2a_artifact_is_durable_and_self_verifying - AssertionError: assert False
 +  where False = is_dir()
 +    where is_dir = PosixPath('/mnt/data/rec_bianchi_v068_recovery/archive/expanded/Full_Bianchi_HyRec_PR05C2C1B2A_two_photon_raman_source_v0_68').is_dir
!!!!!!!!!!!!!!!!!!!!!!!!!! stopping after 1 failures !!!!!!!!!!!!!!!!!!!!!!!!!!!
1 failed in 0.02s
exit=1

=== RED 3: original-C parity harness absent ===
F
=================================== FAILURES ===================================
____ test_canonical_coupling_matches_original_c_source_for_all_virtual_bins ____

tmp_path = PosixPath('/tmp/pytest-of-root/pytest-8/test_canonical_coupling_matche0')

    @pytest.mark.slow
    def test_canonical_coupling_matches_original_c_source_for_all_virtual_bins(tmp_path):
        import shutil
        import subprocess

        from full_bianchi_hyrec.trajectory.primitive_rates import (
            OriginalHyRecPrimitiveRateTable,
        )

        if shutil.which("gcc") is None:
            pytest.skip("gcc unavailable")
        source = OriginalHyRecPrimitiveRateTable.from_archive(ARCHIVE).extract_source_tree(
            tmp_path
        )
        harness = ROOT / "scripts/c_harness/original_hyrec_two_photon_raman_harness.c"
        executable = tmp_path / "original_hyrec_two_photon_raman_harness"
>       subprocess.run(
            [
                "gcc",
                "-std=c11",
                "-D_DEFAULT_SOURCE",
                "-O2",
                "-I",
                str(source),
                str(harness),
                str(source / "hydrogen.c"),
                str(source / "hyrectools.c"),
                "-lm",
                "-o",
                str(executable),
            ],
            check=True,
            capture_output=True,
            text=True,
        )

tests/trajectory/test_hyrec_two_photon_raman.py:258:
_ _ _ _ _ _ _ _ _ _ _ _ _ _ _ _ _ _ _ _ _ _ _ _ _ _ _ _ _ _ _ _ _ _ _ _ _ _ _ _

input = None, capture_output = True, timeout = None, check = True
popenargs = (['gcc', '-std=c11', '-D_DEFAULT_SOURCE', '-O2', '-I', '/tmp/pytest-of-root/pytest-8/test_canonical_coupling_matche0/HyRec', ...],)
kwargs = {'stderr': -1, 'stdout': -1, 'text': True}
process = <Popen: returncode: 1 args: ['gcc', '-std=c11', '-D_DEFAULT_SOURCE', '-O2', ...>
stdout = ''
stderr = 'cc1: fatal error: /mnt/data/rec_bianchi_v068_recovery/scripts/c_harness/original_hyrec_two_photon_raman_harness.c: No such file or directory\ncompilation terminated.\n'
retcode = 1

    def run(*popenargs,
            input=None, capture_output=False, timeout=None, check=False, **kwargs):
        """Run command with arguments and return a CompletedProcess instance.

        The returned instance will have attributes args, returncode, stdout and
        stderr. By default, stdout and stderr are not captured, and those attributes
        will be None. Pass stdout=PIPE and/or stderr=PIPE in order to capture them,
        or pass capture_output=True to capture both.

        If check is True and the exit code was non-zero, it raises a
        CalledProcessError. The CalledProcessError object will have the return code
        in the returncode attribute, and output & stderr attributes if those streams
        were captured.

        If timeout (seconds) is given and the process takes too long,
         a TimeoutExpired exception will be raised.

        There is an optional argument "input", allowing you to
        pass bytes or a string to the subprocess's stdin.  If you use this argument
        you may not also use the Popen constructor's "stdin" argument, as
        it will be used internally.

        By default, all communication is in bytes, and therefore any "input" should
        be bytes, and the stdout and stderr will be bytes. If in text mode, any
        "input" should be a string, and stdout and stderr will be strings decoded
        according to locale encoding, or by "encoding" if set. Text mode is
        triggered by setting any of text, encoding, errors or universal_newlines.

        The other arguments are the same as for the Popen constructor.
        """
        if input is not None:
            if kwargs.get('stdin') is not None:
                raise ValueError('stdin and input arguments may not both be used.')
            kwargs['stdin'] = PIPE

        if capture_output:
            if kwargs.get('stdout') is not None or kwargs.get('stderr') is not None:
                raise ValueError('stdout and stderr arguments may not be used '
                                 'with capture_output.')
            kwargs['stdout'] = PIPE
            kwargs['stderr'] = PIPE

        with Popen(*popenargs, **kwargs) as process:
            try:
                stdout, stderr = process.communicate(input, timeout=timeout)
            except TimeoutExpired as exc:
                process.kill()
                if _mswindows:
                    # Windows accumulates the output in a single blocking
                    # read() call run on child threads, with the timeout
                    # being done in a join() on those threads.  communicate()
                    # _after_ kill() is required to collect that and add it
                    # to the exception.
                    exc.stdout, exc.stderr = process.communicate()
                else:
                    # POSIX _communicate already populated the output so
                    # far into the TimeoutExpired exception.
                    process.wait()
                raise
            except:  # Including KeyboardInterrupt, communicate handled that.
                process.kill()
                # We don't call process.wait() as .__exit__ does that for us.
                raise
            retcode = process.poll()
            if check and retcode:
>               raise CalledProcessError(retcode, process.args,
                                         output=stdout, stderr=stderr)
E               subprocess.CalledProcessError: Command '['gcc', '-std=c11', '-D_DEFAULT_SOURCE', '-O2', '-I', '/tmp/pytest-of-root/pytest-8/test_canonical_coupling_matche0/HyRec', '/mnt/data/rec_bianchi_v068_recovery/scripts/c_harness/original_hyrec_two_photon_raman_harness.c', '/tmp/pytest-of-root/pytest-8/test_canonical_coupling_matche0/HyRec/hydrogen.c', '/tmp/pytest-of-root/pytest-8/test_canonical_coupling_matche0/HyRec/hyrectools.c', '-lm', '-o', '/tmp/pytest-of-root/pytest-8/test_canonical_coupling_matche0/original_hyrec_two_photon_raman_harness']' returned non-zero exit status 1.

/usr/lib/python3.13/subprocess.py:577: CalledProcessError
=========================== short test summary info ============================
FAILED tests/trajectory/test_hyrec_two_photon_raman.py::test_canonical_coupling_matches_original_c_source_for_all_virtual_bins - subprocess.CalledProcessError: Command '['gcc', '-std=c11', '-D_DEFAULT_SOURCE', '-O2', '-I', '/tmp/pytest-of-root/pytest-8/test_canonical_coupling_matche0/HyRec', '/mnt/data/rec_bianchi_v068_recovery/scripts/c_harness/original_hyrec_two_photon_raman_harness.c', '/tmp/pytest-of-root/pytest-8/test_canonical_coupling_matche0/HyRec/hydrogen.c', '/tmp/pytest-of-root/pytest-8/test_canonical_coupling_matche0/HyRec/hyrectools.c', '-lm', '-o', '/tmp/pytest-of-root/pytest-8/test_canonical_coupling_matche0/original_hyrec_two_photon_raman_harness']' returned non-zero exit status 1.
!!!!!!!!!!!!!!!!!!!!!!!!!! stopping after 1 failures !!!!!!!!!!!!!!!!!!!!!!!!!!!
1 failed in 0.69s
exit=1
